
kernel8.elf:	file format ELF64-aarch64-little


Disassembly of section .text:

0000000000080000 _start:
   80000: a1 00 38 d5                  	mrs	x1, MPIDR_EL1
   80004: 21 04 40 92                  	and	x1, x1, #0x3
   80008: 61 00 00 b4                  	cbz	x1, #12 <_cinit>
   8000c: 5f 20 03 d5                  	wfe
   80010: ff ff ff 17                  	b	#-4 <_start+0xc>

0000000000080014 _cinit:
   80014: 61 01 00 58                  	ldr	x1, #44
   80018: 3f 00 00 91                  	mov	sp, x1

000000000008001c _zbss:
   8001c: 61 01 00 58                  	ldr	x1, #44
   80020: 82 01 00 18                  	ldr	w2, #48
   80024: 82 00 00 34                  	cbz	w2, #16 <_jmp>
   80028: 3f 84 00 f8                  	str	xzr, [x1], #8
   8002c: 42 04 00 51                  	sub	w2, w2, #1
   80030: a2 ff ff 35                  	cbnz	w2, #-12 <_zbss+0x8>

0000000000080034 _jmp:
   80034: e0 02 00 94                  	bl	#2944 <_cpuinit>
   80038: f5 ff ff 17                  	b	#-44 <_start+0xc>
   8003c: 1f 20 03 d5                  	nop

0000000000080040 $d.1:
   80040: 00 00 08 00                  	<unknown>
   80044: 00 00 00 00                  	udf	#0
   80048: 00 10 08 00                  	<unknown>
   8004c: 00 00 00 00                  	udf	#0
   80050: 00 12 00 00                  	udf	#4608

0000000000080054 mmu_print_range:
   80054: f7 0f 1c f8                  	str	x23, [sp, #-64]!
   80058: f6 57 01 a9                  	stp	x22, x21, [sp, #16]
   8005c: f5 03 00 aa                  	mov	x21, x0
   80060: f4 4f 02 a9                  	stp	x20, x19, [sp, #32]
   80064: f3 03 02 aa                  	mov	x19, x2
   80068: fd 7b 03 a9                  	stp	x29, x30, [sp, #48]
   8006c: fd c3 00 91                  	add	x29, sp, #48
   80070: f4 03 01 aa                  	mov	x20, x1
   80074: 57 04 00 d1                  	sub	x23, x2, #1
   80078: 84 02 00 94                  	bl	#2576 <uart_u64hex>
   8007c: 16 00 00 90                  	adrp	x22, #0
   80080: d6 ea 36 91                  	add	x22, x22, #3514
   80084: e0 03 16 aa                  	mov	x0, x22
   80088: 24 02 00 94                  	bl	#2192 <uart_puts>
   8008c: e0 03 14 aa                  	mov	x0, x20
   80090: 7e 02 00 94                  	bl	#2552 <uart_u64hex>
   80094: 00 00 00 90                  	adrp	x0, #0
   80098: 00 84 3d 91                  	add	x0, x0, #3937
   8009c: 1f 02 00 94                  	bl	#2172 <uart_puts>
   800a0: e8 02 15 8b                  	add	x8, x23, x21
   800a4: 00 09 d3 9a                  	udiv	x0, x8, x19
   800a8: 78 02 00 94                  	bl	#2528 <uart_u64hex>
   800ac: e0 03 16 aa                  	mov	x0, x22
   800b0: 1a 02 00 94                  	bl	#2152 <uart_puts>
   800b4: e8 02 14 8b                  	add	x8, x23, x20
   800b8: 00 09 d3 9a                  	udiv	x0, x8, x19
   800bc: 73 02 00 94                  	bl	#2508 <uart_u64hex>
   800c0: fd 7b 43 a9                  	ldp	x29, x30, [sp, #48]
   800c4: 00 00 00 90                  	adrp	x0, #0
   800c8: f4 4f 42 a9                  	ldp	x20, x19, [sp, #32]
   800cc: 00 d4 37 91                  	add	x0, x0, #3573
   800d0: f6 57 41 a9                  	ldp	x22, x21, [sp, #16]
   800d4: f7 07 44 f8                  	ldr	x23, [sp], #64
   800d8: 10 02 00 14                  	b	#2112 <uart_puts>

00000000000800dc mmu_enable_level_3_table_rw_blks:
   800dc: 48 00 01 8b                  	add	x8, x2, x1
   800e0: 1f 01 01 eb                  	cmp	x8, x1
   800e4: 09 04 00 54                  	b.ls	#128 <mmu_enable_level_3_table_rw_blks+0x88>
   800e8: e9 e0 80 d2                  	mov	x9, #1799
   800ec: 0a 00 00 d0                  	adrp	x10, #8192
   800f0: 09 04 e0 f2                  	movk	x9, #32, lsl #48
   800f4: 4a 01 00 91                  	add	x10, x10, #0
   800f8: 5f 08 00 f1                  	cmp	x2, #2
   800fc: 62 00 00 54                  	b.hs	#12 <mmu_enable_level_3_table_rw_blks+0x2c>
   80100: eb 03 01 aa                  	mov	x11, x1
   80104: 10 00 00 14                  	b	#64 <mmu_enable_level_3_table_rw_blks+0x68>
   80108: 4e 31 00 8b                  	add	x14, x10, x0, lsl #12
   8010c: 4c f8 7f 92                  	and	x12, x2, #0xfffffffffffffffe
   80110: ce 0d 01 8b                  	add	x14, x14, x1, lsl #3
   80114: 8b 01 01 8b                  	add	x11, x12, x1
   80118: 2d 31 01 8b                  	add	x13, x9, x1, lsl #12
   8011c: ce 21 00 91                  	add	x14, x14, #8
   80120: ef 03 0c aa                  	mov	x15, x12
   80124: b0 05 40 91                  	add	x16, x13, #1, lsl #12
   80128: ef 09 00 f1                  	subs	x15, x15, #2
   8012c: cd c1 3f a9                  	stp	x13, x16, [x14, #-8]
   80130: ad 09 40 91                  	add	x13, x13, #2, lsl #12
   80134: ce 41 00 91                  	add	x14, x14, #16
   80138: 61 ff ff 54                  	b.ne	#-20 <mmu_enable_level_3_table_rw_blks+0x48>
   8013c: 9f 01 02 eb                  	cmp	x12, x2
   80140: 20 01 00 54                  	b.eq	#36 <mmu_enable_level_3_table_rw_blks+0x88>
   80144: 4a 31 00 8b                  	add	x10, x10, x0, lsl #12
   80148: 08 01 0b cb                  	sub	x8, x8, x11
   8014c: 29 31 0b 8b                  	add	x9, x9, x11, lsl #12
   80150: 4a 0d 0b 8b                  	add	x10, x10, x11, lsl #3
   80154: 49 85 00 f8                  	str	x9, [x10], #8
   80158: 08 05 00 f1                  	subs	x8, x8, #1
   8015c: 29 05 40 91                  	add	x9, x9, #1, lsl #12
   80160: a1 ff ff 54                  	b.ne	#-12 <mmu_enable_level_3_table_rw_blks+0x78>
   80164: c0 03 5f d6                  	ret

0000000000080168 mmu_enable_level_3_table_rox_blks:
   80168: 49 00 01 8b                  	add	x9, x2, x1
   8016c: 3f 01 01 eb                  	cmp	x9, x1
   80170: 09 04 00 54                  	b.ls	#128 <mmu_enable_level_3_table_rox_blks+0x88>
   80174: 08 00 00 d0                  	adrp	x8, #8192
   80178: 5f 08 00 f1                  	cmp	x2, #2
   8017c: 08 01 00 91                  	add	x8, x8, #0
   80180: 62 00 00 54                  	b.hs	#12 <mmu_enable_level_3_table_rox_blks+0x24>
   80184: ea 03 01 aa                  	mov	x10, x1
   80188: 11 00 00 14                  	b	#68 <mmu_enable_level_3_table_rox_blks+0x64>
   8018c: 0d 31 00 8b                  	add	x13, x8, x0, lsl #12
   80190: 4b f8 7f 92                  	and	x11, x2, #0xfffffffffffffffe
   80194: ec f0 82 52                  	mov	w12, #6023
   80198: ad 0d 01 8b                  	add	x13, x13, x1, lsl #3
   8019c: 6a 01 01 8b                  	add	x10, x11, x1
   801a0: 8c 31 01 8b                  	add	x12, x12, x1, lsl #12
   801a4: ad 21 00 91                  	add	x13, x13, #8
   801a8: ee 03 0b aa                  	mov	x14, x11
   801ac: 8f 05 40 d1                  	sub	x15, x12, #1, lsl #12
   801b0: ce 09 00 f1                  	subs	x14, x14, #2
   801b4: af b1 3f a9                  	stp	x15, x12, [x13, #-8]
   801b8: 8c 09 40 91                  	add	x12, x12, #2, lsl #12
   801bc: ad 41 00 91                  	add	x13, x13, #16
   801c0: 61 ff ff 54                  	b.ne	#-20 <mmu_enable_level_3_table_rox_blks+0x44>
   801c4: 7f 01 02 eb                  	cmp	x11, x2
   801c8: 40 01 00 54                  	b.eq	#40 <mmu_enable_level_3_table_rox_blks+0x88>
   801cc: 0b 31 00 8b                  	add	x11, x8, x0, lsl #12
   801d0: 29 01 0a cb                  	sub	x9, x9, x10
   801d4: e8 f0 80 52                  	mov	w8, #1927
   801d8: 6b 0d 0a 8b                  	add	x11, x11, x10, lsl #3
   801dc: 48 cd 74 b3                  	bfi	x8, x10, #12, #52
   801e0: 68 85 00 f8                  	str	x8, [x11], #8
   801e4: 29 05 00 f1                  	subs	x9, x9, #1
   801e8: 08 05 40 91                  	add	x8, x8, #1, lsl #12
   801ec: a1 ff ff 54                  	b.ne	#-12 <mmu_enable_level_3_table_rox_blks+0x78>
   801f0: c0 03 5f d6                  	ret

00000000000801f4 mmu_enable_level_3_table:
   801f4: fc 6f ba a9                  	stp	x28, x27, [sp, #-96]!
   801f8: f4 4f 04 a9                  	stp	x20, x19, [sp, #64]
   801fc: f3 03 00 aa                  	mov	x19, x0
   80200: 00 00 00 90                  	adrp	x0, #0
   80204: 28 fc 3f 91                  	add	x8, x1, #4095
   80208: 00 4c 3b 91                  	add	x0, x0, #3795
   8020c: 1c fd 4c d3                  	lsr	x28, x8, #12
   80210: 48 fc 3f 91                  	add	x8, x2, #4095
   80214: fa 67 01 a9                  	stp	x26, x25, [sp, #16]
   80218: f8 5f 02 a9                  	stp	x24, x23, [sp, #32]
   8021c: f4 03 02 aa                  	mov	x20, x2
   80220: f6 57 03 a9                  	stp	x22, x21, [sp, #48]
   80224: f5 03 01 aa                  	mov	x21, x1
   80228: fd 7b 05 a9                  	stp	x29, x30, [sp, #80]
   8022c: fd 43 01 91                  	add	x29, sp, #80
   80230: f6 03 1c aa                  	mov	x22, x28
   80234: 1a fd 4c d3                  	lsr	x26, x8, #12
   80238: b8 01 00 94                  	bl	#1760 <uart_puts>
   8023c: 19 00 00 d0                  	adrp	x25, #8192
   80240: 39 03 00 91                  	add	x25, x25, #0
   80244: bc 06 00 b4                  	cbz	x28, #212 <mmu_enable_level_3_table+0x124>
   80248: 00 00 00 90                  	adrp	x0, #0
   8024c: f8 e0 80 d2                  	mov	x24, #1799
   80250: 00 80 36 91                  	add	x0, x0, #3488
   80254: 18 04 e0 f2                  	movk	x24, #32, lsl #48
   80258: b0 01 00 94                  	bl	#1728 <uart_puts>
   8025c: e0 03 1f aa                  	mov	x0, xzr
   80260: 0a 02 00 94                  	bl	#2088 <uart_u64hex>
   80264: 17 00 00 90                  	adrp	x23, #0
   80268: f7 ea 36 91                  	add	x23, x23, #3514
   8026c: e0 03 17 aa                  	mov	x0, x23
   80270: aa 01 00 94                  	bl	#1704 <uart_puts>
   80274: e0 03 15 aa                  	mov	x0, x21
   80278: 04 02 00 94                  	bl	#2064 <uart_u64hex>
   8027c: 00 00 00 90                  	adrp	x0, #0
   80280: 00 84 3d 91                  	add	x0, x0, #3937
   80284: a5 01 00 94                  	bl	#1684 <uart_puts>
   80288: e0 03 1f aa                  	mov	x0, xzr
   8028c: ff 01 00 94                  	bl	#2044 <uart_u64hex>
   80290: e0 03 17 aa                  	mov	x0, x23
   80294: a1 01 00 94                  	bl	#1668 <uart_puts>
   80298: e0 03 16 aa                  	mov	x0, x22
   8029c: fb 01 00 94                  	bl	#2028 <uart_u64hex>
   802a0: 00 00 00 90                  	adrp	x0, #0
   802a4: 00 d4 37 91                  	add	x0, x0, #3573
   802a8: 9c 01 00 94                  	bl	#1648 <uart_puts>
   802ac: 00 00 00 90                  	adrp	x0, #0
   802b0: 00 18 3c 91                  	add	x0, x0, #3846
   802b4: 99 01 00 94                  	bl	#1636 <uart_puts>
   802b8: e8 03 1f aa                  	mov	x8, xzr
   802bc: 9f 07 00 f1                  	cmp	x28, #1
   802c0: c0 01 00 54                  	b.eq	#56 <mmu_enable_level_3_table+0x104>
   802c4: 88 cb 7f 92                  	and	x8, x28, #0xffffffffffffe
   802c8: 29 33 13 8b                  	add	x9, x25, x19, lsl #12
   802cc: 29 21 00 91                  	add	x9, x9, #8
   802d0: 0a 07 40 91                  	add	x10, x24, #1, lsl #12
   802d4: eb 03 08 aa                  	mov	x11, x8
   802d8: 4c 05 40 d1                  	sub	x12, x10, #1, lsl #12
   802dc: 6b 09 00 f1                  	subs	x11, x11, #2
   802e0: 2c a9 3f a9                  	stp	x12, x10, [x9, #-8]
   802e4: 4a 09 40 91                  	add	x10, x10, #2, lsl #12
   802e8: 29 41 00 91                  	add	x9, x9, #16
   802ec: 61 ff ff 54                  	b.ne	#-20 <mmu_enable_level_3_table+0xe4>
   802f0: 9f 03 08 eb                  	cmp	x28, x8
   802f4: 20 01 00 54                  	b.eq	#36 <mmu_enable_level_3_table+0x124>
   802f8: 2a 33 13 8b                  	add	x10, x25, x19, lsl #12
   802fc: 89 03 08 cb                  	sub	x9, x28, x8
   80300: 4a 0d 08 8b                  	add	x10, x10, x8, lsl #3
   80304: 08 33 08 8b                  	add	x8, x24, x8, lsl #12
   80308: 48 85 00 f8                  	str	x8, [x10], #8
   8030c: 29 05 00 f1                  	subs	x9, x9, #1
   80310: 08 05 40 91                  	add	x8, x8, #1, lsl #12
   80314: a1 ff ff 54                  	b.ne	#-12 <mmu_enable_level_3_table+0x114>
   80318: 5b 03 1c 8b                  	add	x27, x26, x28
   8031c: 1a 07 00 b4                  	cbz	x26, #224 <mmu_enable_level_3_table+0x208>
   80320: 00 00 00 90                  	adrp	x0, #0
   80324: 00 f0 36 91                  	add	x0, x0, #3516
   80328: 7c 01 00 94                  	bl	#1520 <uart_puts>
   8032c: e0 03 15 aa                  	mov	x0, x21
   80330: 97 02 15 8b                  	add	x23, x20, x21
   80334: d5 01 00 94                  	bl	#1876 <uart_u64hex>
   80338: 18 00 00 90                  	adrp	x24, #0
   8033c: 18 eb 36 91                  	add	x24, x24, #3514
   80340: e0 03 18 aa                  	mov	x0, x24
   80344: 75 01 00 94                  	bl	#1492 <uart_puts>
   80348: e0 03 17 aa                  	mov	x0, x23
   8034c: cf 01 00 94                  	bl	#1852 <uart_u64hex>
   80350: 00 00 00 90                  	adrp	x0, #0
   80354: 00 84 3d 91                  	add	x0, x0, #3937
   80358: 70 01 00 94                  	bl	#1472 <uart_puts>
   8035c: e0 03 16 aa                  	mov	x0, x22
   80360: ca 01 00 94                  	bl	#1832 <uart_u64hex>
   80364: e0 03 18 aa                  	mov	x0, x24
   80368: 6c 01 00 94                  	bl	#1456 <uart_puts>
   8036c: e8 fe 3f 91                  	add	x8, x23, #4095
   80370: 00 fd 4c d3                  	lsr	x0, x8, #12
   80374: c5 01 00 94                  	bl	#1812 <uart_u64hex>
   80378: 00 00 00 90                  	adrp	x0, #0
   8037c: 00 d4 37 91                  	add	x0, x0, #3573
   80380: 66 01 00 94                  	bl	#1432 <uart_puts>
   80384: 00 00 00 90                  	adrp	x0, #0
   80388: 00 18 3c 91                  	add	x0, x0, #3846
   8038c: 63 01 00 94                  	bl	#1420 <uart_puts>
   80390: 5f 07 00 f1                  	cmp	x26, #1
   80394: 20 02 00 54                  	b.eq	#68 <mmu_enable_level_3_table+0x1e4>
   80398: 2a 33 13 8b                  	add	x10, x25, x19, lsl #12
   8039c: 48 cb 7f 92                  	and	x8, x26, #0xffffffffffffe
   803a0: e9 f0 82 52                  	mov	w9, #6023
   803a4: 4a 0d 1c 8b                  	add	x10, x10, x28, lsl #3
   803a8: 96 03 08 8b                  	add	x22, x28, x8
   803ac: 29 31 1c 8b                  	add	x9, x9, x28, lsl #12
   803b0: 4a 21 00 91                  	add	x10, x10, #8
   803b4: eb 03 08 aa                  	mov	x11, x8
   803b8: 2c 05 40 d1                  	sub	x12, x9, #1, lsl #12
   803bc: 6b 09 00 f1                  	subs	x11, x11, #2
   803c0: 4c a5 3f a9                  	stp	x12, x9, [x10, #-8]
   803c4: 29 09 40 91                  	add	x9, x9, #2, lsl #12
   803c8: 4a 41 00 91                  	add	x10, x10, #16
   803cc: 61 ff ff 54                  	b.ne	#-20 <mmu_enable_level_3_table+0x1c4>
   803d0: 5f 03 08 eb                  	cmp	x26, x8
   803d4: 40 01 00 54                  	b.eq	#40 <mmu_enable_level_3_table+0x208>
   803d8: 29 33 13 8b                  	add	x9, x25, x19, lsl #12
   803dc: 68 03 16 cb                  	sub	x8, x27, x22
   803e0: 29 0d 16 8b                  	add	x9, x9, x22, lsl #3
   803e4: ea f0 80 52                  	mov	w10, #1927
   803e8: ca ce 74 b3                  	bfi	x10, x22, #12, #52
   803ec: 2a 85 00 f8                  	str	x10, [x9], #8
   803f0: 08 05 00 f1                  	subs	x8, x8, #1
   803f4: 4a 05 40 91                  	add	x10, x10, #1, lsl #12
   803f8: a1 ff ff 54                  	b.ne	#-12 <mmu_enable_level_3_table+0x1f8>
   803fc: 7f 03 08 f1                  	cmp	x27, #512
   80400: 80 07 00 54                  	b.eq	#240 <mmu_enable_level_3_table+0x2fc>
   80404: 00 00 00 90                  	adrp	x0, #0
   80408: 00 80 36 91                  	add	x0, x0, #3488
   8040c: 43 01 00 94                  	bl	#1292 <uart_puts>
   80410: 94 02 15 8b                  	add	x20, x20, x21
   80414: e0 03 14 aa                  	mov	x0, x20
   80418: 9c 01 00 94                  	bl	#1648 <uart_u64hex>
   8041c: 15 00 00 90                  	adrp	x21, #0
   80420: b5 ea 36 91                  	add	x21, x21, #3514
   80424: e0 03 15 aa                  	mov	x0, x21
   80428: 3c 01 00 94                  	bl	#1264 <uart_puts>
   8042c: 00 04 a0 52                  	mov	w0, #2097152
   80430: 96 01 00 94                  	bl	#1624 <uart_u64hex>
   80434: 00 00 00 90                  	adrp	x0, #0
   80438: 00 84 3d 91                  	add	x0, x0, #3937
   8043c: 37 01 00 94                  	bl	#1244 <uart_puts>
   80440: 88 fe 3f 91                  	add	x8, x20, #4095
   80444: 00 fd 4c d3                  	lsr	x0, x8, #12
   80448: 90 01 00 94                  	bl	#1600 <uart_u64hex>
   8044c: e0 03 15 aa                  	mov	x0, x21
   80450: 32 01 00 94                  	bl	#1224 <uart_puts>
   80454: 00 40 80 52                  	mov	w0, #512
   80458: 8c 01 00 94                  	bl	#1584 <uart_u64hex>
   8045c: 00 00 00 90                  	adrp	x0, #0
   80460: 00 d4 37 91                  	add	x0, x0, #3573
   80464: 2d 01 00 94                  	bl	#1204 <uart_puts>
   80468: 00 00 00 90                  	adrp	x0, #0
   8046c: 00 18 3c 91                  	add	x0, x0, #3846
   80470: 2a 01 00 94                  	bl	#1192 <uart_puts>
   80474: 7f ff 07 f1                  	cmp	x27, #511
   80478: c8 03 00 54                  	b.hi	#120 <mmu_enable_level_3_table+0x2fc>
   8047c: e9 e0 80 d2                  	mov	x9, #1799
   80480: 08 40 80 52                  	mov	w8, #512
   80484: 09 04 e0 f2                  	movk	x9, #32, lsl #48
   80488: 0a 01 1b cb                  	sub	x10, x8, x27
   8048c: e8 03 1b aa                  	mov	x8, x27
   80490: 5f 09 00 f1                  	cmp	x10, #2
   80494: 03 02 00 54                  	b.lo	#64 <mmu_enable_level_3_table+0x2e0>
   80498: 2d 33 13 8b                  	add	x13, x25, x19, lsl #12
   8049c: 4b f9 7f 92                  	and	x11, x10, #0xfffffffffffffffe
   804a0: ad 0d 1b 8b                  	add	x13, x13, x27, lsl #3
   804a4: 68 03 0b 8b                  	add	x8, x27, x11
   804a8: 2c 31 1b 8b                  	add	x12, x9, x27, lsl #12
   804ac: ad 21 00 91                  	add	x13, x13, #8
   804b0: ee 03 0b aa                  	mov	x14, x11
   804b4: 8f 05 40 91                  	add	x15, x12, #1, lsl #12
   804b8: ce 09 00 f1                  	subs	x14, x14, #2
   804bc: ac bd 3f a9                  	stp	x12, x15, [x13, #-8]
   804c0: 8c 09 40 91                  	add	x12, x12, #2, lsl #12
   804c4: ad 41 00 91                  	add	x13, x13, #16
   804c8: 61 ff ff 54                  	b.ne	#-20 <mmu_enable_level_3_table+0x2c0>
   804cc: 5f 01 0b eb                  	cmp	x10, x11
   804d0: 00 01 00 54                  	b.eq	#32 <mmu_enable_level_3_table+0x2fc>
   804d4: 2a 33 13 8b                  	add	x10, x25, x19, lsl #12
   804d8: 29 31 08 8b                  	add	x9, x9, x8, lsl #12
   804dc: 49 79 28 f8                  	str	x9, [x10, x8, lsl #3]
   804e0: 08 05 00 91                  	add	x8, x8, #1
   804e4: 29 05 40 91                  	add	x9, x9, #1, lsl #12
   804e8: 1f 01 08 f1                  	cmp	x8, #512
   804ec: 81 ff ff 54                  	b.ne	#-16 <mmu_enable_level_3_table+0x2e8>
   804f0: fd 7b 45 a9                  	ldp	x29, x30, [sp, #80]
   804f4: f4 4f 44 a9                  	ldp	x20, x19, [sp, #64]
   804f8: f6 57 43 a9                  	ldp	x22, x21, [sp, #48]
   804fc: f8 5f 42 a9                  	ldp	x24, x23, [sp, #32]
   80500: fa 67 41 a9                  	ldp	x26, x25, [sp, #16]
   80504: fc 6f c6 a8                  	ldp	x28, x27, [sp], #96
   80508: c0 03 5f d6                  	ret

000000000008050c mmu_enable_level_2_table:
   8050c: f9 0f 1b f8                  	str	x25, [sp, #-80]!
   80510: f8 5f 01 a9                  	stp	x24, x23, [sp, #16]
   80514: 17 f8 7f d3                  	lsl	x23, x0, #1
   80518: f4 4f 03 a9                  	stp	x20, x19, [sp, #48]
   8051c: f3 03 00 aa                  	mov	x19, x0
   80520: 00 00 00 90                  	adrp	x0, #0
   80524: f6 57 02 a9                  	stp	x22, x21, [sp, #32]
   80528: 00 ac 3a 91                  	add	x0, x0, #3755
   8052c: fd 7b 04 a9                  	stp	x29, x30, [sp, #64]
   80530: fd 03 01 91                  	add	x29, sp, #64
   80534: f4 03 01 aa                  	mov	x20, x1
   80538: f8 00 00 94                  	bl	#992 <uart_puts>
   8053c: 00 00 00 90                  	adrp	x0, #0
   80540: 00 80 36 91                  	add	x0, x0, #3488
   80544: f5 00 00 94                  	bl	#980 <uart_puts>
   80548: e0 03 1f aa                  	mov	x0, xzr
   8054c: 4f 01 00 94                  	bl	#1340 <uart_u64hex>
   80550: 15 00 00 90                  	adrp	x21, #0
   80554: b5 ea 36 91                  	add	x21, x21, #3514
   80558: e0 03 15 aa                  	mov	x0, x21
   8055c: ef 00 00 94                  	bl	#956 <uart_puts>
   80560: 00 04 a0 52                  	mov	w0, #2097152
   80564: 49 01 00 94                  	bl	#1316 <uart_u64hex>
   80568: 00 00 00 90                  	adrp	x0, #0
   8056c: 00 84 3d 91                  	add	x0, x0, #3937
   80570: ea 00 00 94                  	bl	#936 <uart_puts>
   80574: e0 03 1f aa                  	mov	x0, xzr
   80578: 44 01 00 94                  	bl	#1296 <uart_u64hex>
   8057c: e0 03 15 aa                  	mov	x0, x21
   80580: e6 00 00 94                  	bl	#920 <uart_puts>
   80584: 20 00 80 52                  	mov	w0, #1
   80588: 40 01 00 94                  	bl	#1280 <uart_u64hex>
   8058c: 00 00 00 90                  	adrp	x0, #0
   80590: 00 d4 37 91                  	add	x0, x0, #3573
   80594: e1 00 00 94                  	bl	#900 <uart_puts>
   80598: 00 00 00 90                  	adrp	x0, #0
   8059c: 00 18 3c 91                  	add	x0, x0, #3846
   805a0: de 00 00 94                  	bl	#888 <uart_puts>
   805a4: 08 00 00 d0                  	adrp	x8, #8192
   805a8: 16 00 00 b0                  	adrp	x22, #4096
   805ac: 08 01 00 91                  	add	x8, x8, #0
   805b0: d6 02 00 91                  	add	x22, x22, #0
   805b4: 08 31 13 8b                  	add	x8, x8, x19, lsl #12
   805b8: 60 a6 6a d3                  	lsl	x0, x19, #22
   805bc: 18 05 40 b2                  	orr	x24, x8, #0x3
   805c0: b4 04 00 b4                  	cbz	x20, #148 <mmu_enable_level_2_table+0x148>
   805c4: a8 e0 80 52                  	mov	w8, #1797
   805c8: 09 04 e0 d2                  	mov	x9, #9007199254740992
   805cc: 08 00 08 aa                  	orr	x8, x0, x8
   805d0: f9 02 40 b2                  	orr	x25, x23, #0x1
   805d4: 08 01 09 8b                  	add	x8, x8, x9
   805d8: 33 ab 6b d3                  	lsl	x19, x25, #21
   805dc: 9f 06 00 f1                  	cmp	x20, #1
   805e0: c8 7a 37 f8                  	str	x8, [x22, x23, lsl #3]
   805e4: e1 06 00 54                  	b.ne	#220 <mmu_enable_level_2_table+0x1b4>
   805e8: e0 03 13 aa                  	mov	x0, x19
   805ec: 74 02 48 91                  	add	x20, x19, #512, lsl #12
   805f0: 26 01 00 94                  	bl	#1176 <uart_u64hex>
   805f4: 15 00 00 90                  	adrp	x21, #0
   805f8: b5 ea 36 91                  	add	x21, x21, #3514
   805fc: e0 03 15 aa                  	mov	x0, x21
   80600: c6 00 00 94                  	bl	#792 <uart_puts>
   80604: e0 03 14 aa                  	mov	x0, x20
   80608: 20 01 00 94                  	bl	#1152 <uart_u64hex>
   8060c: 00 00 00 90                  	adrp	x0, #0
   80610: 00 84 3d 91                  	add	x0, x0, #3937
   80614: c1 00 00 94                  	bl	#772 <uart_puts>
   80618: 20 ab 40 92                  	and	x0, x25, #0x7ffffffffff
   8061c: 1b 01 00 94                  	bl	#1132 <uart_u64hex>
   80620: e0 03 15 aa                  	mov	x0, x21
   80624: bd 00 00 94                  	bl	#756 <uart_puts>
   80628: 08 f8 bf 12                  	mov	w8, #4194303
   8062c: 68 02 08 8b                  	add	x8, x19, x8
   80630: 00 fd 55 d3                  	lsr	x0, x8, #21
   80634: 15 01 00 94                  	bl	#1108 <uart_u64hex>
   80638: 00 00 00 90                  	adrp	x0, #0
   8063c: 00 d4 37 91                  	add	x0, x0, #3573
   80640: b6 00 00 94                  	bl	#728 <uart_puts>
   80644: 00 00 00 90                  	adrp	x0, #0
   80648: 00 20 3c 91                  	add	x0, x0, #3848
   8064c: b3 00 00 94                  	bl	#716 <uart_puts>
   80650: 20 00 00 14                  	b	#128 <mmu_enable_level_2_table+0x1c4>
   80654: 14 00 6b b2                  	orr	x20, x0, #0x200000
   80658: 0c 01 00 94                  	bl	#1072 <uart_u64hex>
   8065c: 15 00 00 90                  	adrp	x21, #0
   80660: b5 ea 36 91                  	add	x21, x21, #3514
   80664: e0 03 15 aa                  	mov	x0, x21
   80668: ac 00 00 94                  	bl	#688 <uart_puts>
   8066c: e0 03 14 aa                  	mov	x0, x20
   80670: 06 01 00 94                  	bl	#1048 <uart_u64hex>
   80674: 00 00 00 90                  	adrp	x0, #0
   80678: 00 84 3d 91                  	add	x0, x0, #3937
   8067c: a7 00 00 94                  	bl	#668 <uart_puts>
   80680: e0 a6 7f 92                  	and	x0, x23, #0x7fffffffffe
   80684: 01 01 00 94                  	bl	#1028 <uart_u64hex>
   80688: e0 03 15 aa                  	mov	x0, x21
   8068c: a3 00 00 94                  	bl	#652 <uart_puts>
   80690: 20 00 80 52                  	mov	w0, #1
   80694: 60 a6 7f b3                  	bfi	x0, x19, #1, #42
   80698: fc 00 00 94                  	bl	#1008 <uart_u64hex>
   8069c: 00 00 00 90                  	adrp	x0, #0
   806a0: 00 d4 37 91                  	add	x0, x0, #3573
   806a4: 9d 00 00 94                  	bl	#628 <uart_puts>
   806a8: 00 00 00 90                  	adrp	x0, #0
   806ac: 00 20 3c 91                  	add	x0, x0, #3848
   806b0: 9a 00 00 94                  	bl	#616 <uart_puts>
   806b4: f9 02 40 b2                  	orr	x25, x23, #0x1
   806b8: d8 7a 37 f8                  	str	x24, [x22, x23, lsl #3]
   806bc: 33 ab 6b d3                  	lsl	x19, x25, #21
   806c0: a8 e0 80 52                  	mov	w8, #1797
   806c4: 09 04 e0 d2                  	mov	x9, #9007199254740992
   806c8: 68 02 08 aa                  	orr	x8, x19, x8
   806cc: 18 01 09 8b                  	add	x24, x8, x9
   806d0: d8 7a 39 f8                  	str	x24, [x22, x25, lsl #3]
   806d4: fd 7b 44 a9                  	ldp	x29, x30, [sp, #64]
   806d8: f4 4f 43 a9                  	ldp	x20, x19, [sp, #48]
   806dc: f6 57 42 a9                  	ldp	x22, x21, [sp, #32]
   806e0: f8 5f 41 a9                  	ldp	x24, x23, [sp, #16]
   806e4: f9 07 45 f8                  	ldr	x25, [sp], #80
   806e8: c0 03 5f d6                  	ret

00000000000806ec mmu_enable:
   806ec: f5 0f 1d f8                  	str	x21, [sp, #-48]!
   806f0: f4 4f 01 a9                  	stp	x20, x19, [sp, #16]
   806f4: 88 e0 9f 52                  	mov	w8, #65284
   806f8: fd 7b 02 a9                  	stp	x29, x30, [sp, #32]
   806fc: fd 83 00 91                  	add	x29, sp, #32
   80700: 08 a2 18 d5                  	msr	MAIR_EL1, x8
   80704: c1 01 00 b4                  	cbz	x1, #56 <mmu_enable+0x50>
   80708: f3 03 01 aa                  	mov	x19, x1
   8070c: f4 03 1f aa                  	mov	x20, xzr
   80710: 15 20 00 91                  	add	x21, x0, #8
   80714: e0 03 14 aa                  	mov	x0, x20
   80718: 21 00 80 52                  	mov	w1, #1
   8071c: 7c ff ff 97                  	bl	#-528 <mmu_enable_level_2_table>
   80720: a1 8a 7f a9                  	ldp	x1, x2, [x21, #-8]
   80724: e0 03 14 aa                  	mov	x0, x20
   80728: b3 fe ff 97                  	bl	#-1332 <mmu_enable_level_3_table>
   8072c: 94 06 00 91                  	add	x20, x20, #1
   80730: b5 42 00 91                  	add	x21, x21, #16
   80734: 7f 02 14 eb                  	cmp	x19, x20
   80738: e1 fe ff 54                  	b.ne	#-36 <mmu_enable+0x28>
   8073c: 00 00 00 90                  	adrp	x0, #0
   80740: 00 b4 3c 91                  	add	x0, x0, #3885
   80744: 75 00 00 94                  	bl	#468 <uart_puts>
   80748: 00 e0 a7 52                  	mov	w0, #1056964608
   8074c: cf 00 00 94                  	bl	#828 <uart_u64hex>
   80750: 13 00 00 90                  	adrp	x19, #0
   80754: 73 ea 36 91                  	add	x19, x19, #3514
   80758: e0 03 13 aa                  	mov	x0, x19
   8075c: 6f 00 00 94                  	bl	#444 <uart_puts>
   80760: 00 00 a8 52                  	mov	w0, #1073741824
   80764: c9 00 00 94                  	bl	#804 <uart_u64hex>
   80768: 00 00 00 90                  	adrp	x0, #0
   8076c: 00 84 3d 91                  	add	x0, x0, #3937
   80770: 6a 00 00 94                  	bl	#424 <uart_puts>
   80774: 00 3f 80 52                  	mov	w0, #504
   80778: c4 00 00 94                  	bl	#784 <uart_u64hex>
   8077c: e0 03 13 aa                  	mov	x0, x19
   80780: 66 00 00 94                  	bl	#408 <uart_puts>
   80784: 00 40 80 52                  	mov	w0, #512
   80788: c0 00 00 94                  	bl	#768 <uart_u64hex>
   8078c: 00 00 00 90                  	adrp	x0, #0
   80790: 00 d4 37 91                  	add	x0, x0, #3573
   80794: 61 00 00 94                  	bl	#388 <uart_puts>
   80798: 00 00 00 90                  	adrp	x0, #0
   8079c: 00 18 3c 91                  	add	x0, x0, #3846
   807a0: 5e 00 00 94                  	bl	#376 <uart_puts>
   807a4: 29 c0 80 d2                  	mov	x9, #1537
   807a8: 08 00 00 b0                  	adrp	x8, #4096
   807ac: 09 e0 a7 f2                  	movk	x9, #16128, lsl #16
   807b0: 08 01 3f 91                  	add	x8, x8, #4032
   807b4: 09 04 e0 f2                  	movk	x9, #32, lsl #48
   807b8: 0b 14 a0 52                  	mov	w11, #10485760
   807bc: 2a 01 6b b2                  	orr	x10, x9, #0x200000
   807c0: 2c 01 6a b2                  	orr	x12, x9, #0x400000
   807c4: 2d 05 6b b2                  	orr	x13, x9, #0x600000
   807c8: 2b 01 0b aa                  	orr	x11, x9, x11
   807cc: fd 7b 42 a9                  	ldp	x29, x30, [sp, #32]
   807d0: f4 4f 41 a9                  	ldp	x20, x19, [sp, #16]
   807d4: 09 29 00 a9                  	stp	x9, x10, [x8]
   807d8: 2a 01 69 b2                  	orr	x10, x9, #0x800000
   807dc: 0c 35 01 a9                  	stp	x12, x13, [x8, #16]
   807e0: 2c 05 6a b2                  	orr	x12, x9, #0xc00000
   807e4: 29 09 6b b2                  	orr	x9, x9, #0xe00000
   807e8: 0a 2d 02 a9                  	stp	x10, x11, [x8, #32]
   807ec: 0c 25 03 a9                  	stp	x12, x9, [x8, #48]
   807f0: f5 07 43 f8                  	ldr	x21, [sp], #48
   807f4: c0 03 5f d6                  	ret

00000000000807f8 uart_init:
   807f8: ff c3 02 d1                  	sub	sp, sp, #176
   807fc: 48 00 90 d2                  	mov	x8, #32770
   80800: 09 20 81 52                  	mov	w9, #2304
   80804: 68 00 a0 f2                  	movk	x8, #3, lsl #16
   80808: 0a 01 80 d2                  	mov	x10, #8
   8080c: f3 4b 00 f9                  	str	x19, [sp, #144]
   80810: 88 01 c0 f2                  	movk	x8, #12, lsl #32
   80814: 93 04 80 52                  	mov	w19, #36
   80818: a9 07 a0 72                  	movk	w9, #61, lsl #16
   8081c: 4a 00 c0 f2                  	movk	x10, #2, lsl #32
   80820: e0 03 00 91                  	mov	x0, sp
   80824: 01 01 80 52                  	mov	w1, #8
   80828: fd 7b 0a a9                  	stp	x29, x30, [sp, #160]
   8082c: fd 83 02 91                  	add	x29, sp, #160
   80830: f3 23 00 a9                  	stp	x19, x8, [sp]
   80834: ea 27 01 a9                  	stp	x10, x9, [sp, #16]
   80838: ff 23 00 b9                  	str	wzr, [sp, #32]
   8083c: bf 3f 03 d5                  	dmb	sy
   80840: be 00 00 94                  	bl	#760 <mbox_call>
   80844: 1f 04 00 31                  	cmn	w0, #1
   80848: c0 04 00 54                  	b.eq	#152 <uart_init+0xe8>
   8084c: 08 13 80 52                  	mov	w8, #152
   80850: 08 e4 a7 72                  	movk	w8, #16160, lsl #16
   80854: 09 c1 5f b8                  	ldur	w9, [x8, #-4]
   80858: 0a c1 56 b8                  	ldur	w10, [x8, #-148]
   8085c: 2b 75 1e 12                  	and	w11, w9, #0xfffffffc
   80860: c9 12 80 52                  	mov	w9, #150
   80864: 6a 16 14 33                  	bfi	w10, w19, #12, #6
   80868: 0a c1 16 b8                  	stur	w10, [x8, #-148]
   8086c: 0b c1 1f b8                  	stur	w11, [x8, #-4]
   80870: 29 05 00 71                  	subs	w9, w9, #1
   80874: 1f 20 03 d5                  	nop
   80878: c1 ff ff 54                  	b.ne	#-8 <uart_init+0x78>
   8087c: 09 01 40 b9                  	ldr	w9, [x8]
   80880: 2a 05 12 32                  	orr	w10, w9, #0xc000
   80884: c9 12 80 52                  	mov	w9, #150
   80888: 0a 01 00 b9                  	str	w10, [x8]
   8088c: 29 05 00 71                  	subs	w9, w9, #1
   80890: 1f 20 03 d5                  	nop
   80894: c1 ff ff 54                  	b.ne	#-8 <uart_init+0x94>
   80898: 89 04 82 52                  	mov	w9, #4132
   8089c: 1f 01 00 b9                  	str	wzr, [x8]
   808a0: 09 e4 a7 72                  	movk	w9, #16160, lsl #16
   808a4: 4a 00 80 52                  	mov	w10, #2
   808a8: 6c 01 80 52                  	mov	w12, #11
   808ac: e0 03 1f 2a                  	mov	w0, wzr
   808b0: 28 21 40 b9                  	ldr	w8, [x9, #32]
   808b4: 2b b5 40 29                  	ldp	w11, w13, [x9, #4]
   808b8: 2e 0d 40 b9                  	ldr	w14, [x9, #12]
   808bc: 2a 01 00 79                  	strh	w10, [x9]
   808c0: 2a 60 80 52                  	mov	w10, #769
   808c4: 08 51 15 12                  	and	w8, w8, #0xfffff800
   808c8: 8b 11 00 33                  	bfxil	w11, w12, #0, #5
   808cc: ac 05 1b 32                  	orr	w12, w13, #0x60
   808d0: ca 01 0a 2a                  	orr	w10, w14, w10
   808d4: 28 21 00 b9                  	str	w8, [x9, #32]
   808d8: 2b b1 00 29                  	stp	w11, w12, [x9, #4]
   808dc: 2a 0d 00 b9                  	str	w10, [x9, #12]
   808e0: fd 7b 4a a9                  	ldp	x29, x30, [sp, #160]
   808e4: f3 4b 40 f9                  	ldr	x19, [sp, #144]
   808e8: ff c3 02 91                  	add	sp, sp, #176
   808ec: c0 03 5f d6                  	ret

00000000000808f0 uart_send:
   808f0: 08 03 82 52                  	mov	w8, #4120
   808f4: 08 e4 a7 72                  	movk	w8, #16160, lsl #16
   808f8: 09 01 40 39                  	ldrb	w9, [x8]
   808fc: 89 00 28 36                  	tbz	w9, #5, #16 <uart_send+0x1c>
   80900: 1f 20 03 d5                  	nop
   80904: 09 01 40 39                  	ldrb	w9, [x8]
   80908: c9 ff 2f 37                  	tbnz	w9, #5, #-8 <uart_send+0x10>
   8090c: 09 1c 00 12                  	and	w9, w0, #0xff
   80910: 09 81 1e b8                  	stur	w9, [x8, #-24]
   80914: c0 03 5f d6                  	ret

0000000000080918 uart_puts:
   80918: 08 03 82 52                  	mov	w8, #4120
   8091c: a9 01 80 52                  	mov	w9, #13
   80920: 08 e4 a7 72                  	movk	w8, #16160, lsl #16
   80924: 03 00 00 14                  	b	#12 <uart_puts+0x18>
   80928: 00 04 00 91                  	add	x0, x0, #1
   8092c: 0a 81 1e b8                  	stur	w10, [x8, #-24]
   80930: 0a 00 40 39                  	ldrb	w10, [x0]
   80934: 5f 29 00 71                  	cmp	w10, #10
   80938: c0 00 00 54                  	b.eq	#24 <uart_puts+0x38>
   8093c: ca 01 00 34                  	cbz	w10, #56 <uart_puts+0x5c>
   80940: 0b 01 40 b9                  	ldr	w11, [x8]
   80944: 0b 01 28 37                  	tbnz	w11, #5, #32 <uart_puts+0x4c>
   80948: f8 ff ff 17                  	b	#-32 <uart_puts+0x10>
   8094c: 1f 20 03 d5                  	nop
   80950: 0b 01 40 b9                  	ldr	w11, [x8]
   80954: cb ff 2f 37                  	tbnz	w11, #5, #-8 <uart_puts+0x34>
   80958: 09 81 1e b8                  	stur	w9, [x8, #-24]
   8095c: 0a 00 40 39                  	ldrb	w10, [x0]
   80960: 4b fe 2f 36                  	tbz	w11, #5, #-56 <uart_puts+0x10>
   80964: 1f 20 03 d5                  	nop
   80968: 0b 01 40 39                  	ldrb	w11, [x8]
   8096c: cb ff 2f 37                  	tbnz	w11, #5, #-8 <uart_puts+0x4c>
   80970: ee ff ff 17                  	b	#-72 <uart_puts+0x10>
   80974: c0 03 5f d6                  	ret

0000000000080978 uart_nputs:
   80978: 81 03 00 34                  	cbz	w1, #112 <uart_nputs+0x70>
   8097c: 09 03 82 52                  	mov	w9, #4120
   80980: e8 03 1f 2a                  	mov	w8, wzr
   80984: 09 e4 a7 72                  	movk	w9, #16160, lsl #16
   80988: aa 01 80 52                  	mov	w10, #13
   8098c: 06 00 00 14                  	b	#24 <uart_nputs+0x2c>
   80990: 00 04 00 91                  	add	x0, x0, #1
   80994: 08 05 00 11                  	add	w8, w8, #1
   80998: 1f 01 01 6b                  	cmp	w8, w1
   8099c: 2b 81 1e b8                  	stur	w11, [x9, #-24]
   809a0: 40 02 00 54                  	b.eq	#72 <uart_nputs+0x70>
   809a4: 0b 00 40 39                  	ldrb	w11, [x0]
   809a8: 7f 29 00 71                  	cmp	w11, #10
   809ac: c0 00 00 54                  	b.eq	#24 <uart_nputs+0x4c>
   809b0: cb 01 00 34                  	cbz	w11, #56 <uart_nputs+0x70>
   809b4: 2c 01 40 b9                  	ldr	w12, [x9]
   809b8: 0c 01 28 37                  	tbnz	w12, #5, #32 <uart_nputs+0x60>
   809bc: f5 ff ff 17                  	b	#-44 <uart_nputs+0x18>
   809c0: 1f 20 03 d5                  	nop
   809c4: 2c 01 40 b9                  	ldr	w12, [x9]
   809c8: cc ff 2f 37                  	tbnz	w12, #5, #-8 <uart_nputs+0x48>
   809cc: 2a 81 1e b8                  	stur	w10, [x9, #-24]
   809d0: 0b 00 40 39                  	ldrb	w11, [x0]
   809d4: ec fd 2f 36                  	tbz	w12, #5, #-68 <uart_nputs+0x18>
   809d8: 1f 20 03 d5                  	nop
   809dc: 2c 01 40 39                  	ldrb	w12, [x9]
   809e0: cc ff 2f 37                  	tbnz	w12, #5, #-8 <uart_nputs+0x60>
   809e4: eb ff ff 17                  	b	#-84 <uart_nputs+0x18>
   809e8: c0 03 5f d6                  	ret

00000000000809ec uart_tohex:
   809ec: e8 03 00 2a                  	mov	w8, w0
   809f0: 09 00 00 90                  	adrp	x9, #0
   809f4: 08 0d 40 92                  	and	x8, x8, #0xf
   809f8: 29 91 3d 91                  	add	x9, x9, #3940
   809fc: 00 06 80 52                  	mov	w0, #48
   80a00: 8a 00 00 10                  	adr	x10, #16
   80a04: 2b 69 68 38                  	ldrb	w11, [x9, x8]
   80a08: 4a 09 0b 8b                  	add	x10, x10, x11, lsl #2
   80a0c: 40 01 1f d6                  	br	x10
   80a10: 20 06 80 52                  	mov	w0, #49
   80a14: c0 03 5f d6                  	ret
   80a18: 40 06 80 52                  	mov	w0, #50
   80a1c: c0 03 5f d6                  	ret
   80a20: 60 06 80 52                  	mov	w0, #51
   80a24: c0 03 5f d6                  	ret
   80a28: 80 06 80 52                  	mov	w0, #52
   80a2c: c0 03 5f d6                  	ret
   80a30: a0 06 80 52                  	mov	w0, #53
   80a34: c0 03 5f d6                  	ret
   80a38: c0 06 80 52                  	mov	w0, #54
   80a3c: c0 03 5f d6                  	ret
   80a40: e0 06 80 52                  	mov	w0, #55
   80a44: c0 03 5f d6                  	ret
   80a48: 00 07 80 52                  	mov	w0, #56
   80a4c: c0 03 5f d6                  	ret
   80a50: 20 07 80 52                  	mov	w0, #57
   80a54: c0 03 5f d6                  	ret
   80a58: 20 08 80 52                  	mov	w0, #65
   80a5c: c0 03 5f d6                  	ret
   80a60: 40 08 80 52                  	mov	w0, #66
   80a64: c0 03 5f d6                  	ret
   80a68: 60 08 80 52                  	mov	w0, #67
   80a6c: c0 03 5f d6                  	ret
   80a70: 80 08 80 52                  	mov	w0, #68
   80a74: c0 03 5f d6                  	ret
   80a78: a0 08 80 52                  	mov	w0, #69
   80a7c: c0 03 5f d6                  	ret
   80a80: c0 08 80 52                  	mov	w0, #70
   80a84: c0 03 5f d6                  	ret

0000000000080a88 uart_u64hex:
   80a88: 08 03 82 52                  	mov	w8, #4120
   80a8c: 0a 00 00 90                  	adrp	x10, #0
   80a90: 08 e4 a7 72                  	movk	w8, #16160, lsl #16
   80a94: a9 01 80 52                  	mov	w9, #13
   80a98: 4a 8d 39 91                  	add	x10, x10, #3683
   80a9c: 03 00 00 14                  	b	#12 <uart_u64hex+0x20>
   80aa0: 4a 05 00 91                  	add	x10, x10, #1
   80aa4: 0b 81 1e b8                  	stur	w11, [x8, #-24]
   80aa8: 4b 01 40 39                  	ldrb	w11, [x10]
   80aac: 7f 29 00 71                  	cmp	w11, #10
   80ab0: c0 00 00 54                  	b.eq	#24 <uart_u64hex+0x40>
   80ab4: cb 01 00 34                  	cbz	w11, #56 <uart_u64hex+0x64>
   80ab8: 0c 01 40 b9                  	ldr	w12, [x8]
   80abc: 0c 01 28 37                  	tbnz	w12, #5, #32 <uart_u64hex+0x54>
   80ac0: f8 ff ff 17                  	b	#-32 <uart_u64hex+0x18>
   80ac4: 1f 20 03 d5                  	nop
   80ac8: 0c 01 40 b9                  	ldr	w12, [x8]
   80acc: cc ff 2f 37                  	tbnz	w12, #5, #-8 <uart_u64hex+0x3c>
   80ad0: 09 81 1e b8                  	stur	w9, [x8, #-24]
   80ad4: 4b 01 40 39                  	ldrb	w11, [x10]
   80ad8: 4c fe 2f 36                  	tbz	w12, #5, #-56 <uart_u64hex+0x18>
   80adc: 1f 20 03 d5                  	nop
   80ae0: 0c 01 40 39                  	ldrb	w12, [x8]
   80ae4: cc ff 2f 37                  	tbnz	w12, #5, #-8 <uart_u64hex+0x54>
   80ae8: ee ff ff 17                  	b	#-72 <uart_u64hex+0x18>
   80aec: 09 00 00 90                  	adrp	x9, #0
   80af0: ec 01 80 52                  	mov	w12, #15
   80af4: 29 d1 3d 91                  	add	x9, x9, #3956
   80af8: 04 00 00 14                  	b	#16 <uart_u64hex+0x80>
   80afc: 4c 05 00 d1                  	sub	x12, x10, #1
   80b00: 0b 81 1e b8                  	stur	w11, [x8, #-24]
   80b04: 8a 01 00 b4                  	cbz	x10, #48 <uart_u64hex+0xac>
   80b08: 8b f5 7e d3                  	lsl	x11, x12, #2
   80b0c: ea 03 0c aa                  	mov	x10, x12
   80b10: 0c 01 40 39                  	ldrb	w12, [x8]
   80b14: 0b 24 cb 9a                  	lsr	x11, x0, x11
   80b18: 6b 0d 40 92                  	and	x11, x11, #0xf
   80b1c: 2b 79 6b b8                  	ldr	w11, [x9, x11, lsl #2]
   80b20: ec fe 2f 36                  	tbz	w12, #5, #-36 <uart_u64hex+0x74>
   80b24: 1f 20 03 d5                  	nop
   80b28: 0c 01 40 39                  	ldrb	w12, [x8]
   80b2c: cc ff 2f 37                  	tbnz	w12, #5, #-8 <uart_u64hex+0x9c>
   80b30: f3 ff ff 17                  	b	#-52 <uart_u64hex+0x74>
   80b34: c0 03 5f d6                  	ret

0000000000080b38 mbox_call:
   80b38: 08 13 97 52                  	mov	w8, #47256
   80b3c: 08 e0 a7 72                  	movk	w8, #16128, lsl #16
   80b40: 09 01 40 b9                  	ldr	w9, [x8]
   80b44: 89 00 f8 36                  	tbz	w9, #31, #16 <mbox_call+0x1c>
   80b48: 1f 20 03 d5                  	nop
   80b4c: 09 01 40 b9                  	ldr	w9, [x8]
   80b50: c9 ff ff 37                  	tbnz	w9, #31, #-8 <mbox_call+0x10>
   80b54: ec 03 00 2a                  	mov	w12, w0
   80b58: ea 07 01 32                  	mov	w10, #-2147483647
   80b5c: 0b 00 b0 52                  	mov	w11, #-2147483648
   80b60: 2c 0c 00 33                  	bfxil	w12, w1, #0, #4
   80b64: 0c 09 00 b9                  	str	w12, [x8, #8]
   80b68: 89 00 f0 36                  	tbz	w9, #30, #16 <mbox_call+0x40>
   80b6c: 1f 20 03 d5                  	nop
   80b70: 09 01 40 b9                  	ldr	w9, [x8]
   80b74: c9 ff f7 37                  	tbnz	w9, #30, #-8 <mbox_call+0x34>
   80b78: 0c 81 5e b8                  	ldur	w12, [x8, #-24]
   80b7c: 8d 0d 00 12                  	and	w13, w12, #0xf
   80b80: 8c 6d 1c 12                  	and	w12, w12, #0xfffffff0
   80b84: bf 01 01 6b                  	cmp	w13, w1
   80b88: 80 01 40 7a                  	ccmp	w12, w0, #0, eq
   80b8c: e1 fe ff 54                  	b.ne	#-36 <mbox_call+0x30>
   80b90: 0c 04 40 b9                  	ldr	w12, [x0, #4]
   80b94: 9f 01 0a 6b                  	cmp	w12, w10
   80b98: a0 00 00 54                  	b.eq	#20 <mbox_call+0x74>
   80b9c: 9f 01 0b 6b                  	cmp	w12, w11
   80ba0: 41 fe ff 54                  	b.ne	#-56 <mbox_call+0x30>
   80ba4: e0 03 1f 2a                  	mov	w0, wzr
   80ba8: c0 03 5f d6                  	ret
   80bac: 00 00 80 12                  	mov	w0, #-1
   80bb0: c0 03 5f d6                  	ret

0000000000080bb4 _cpuinit:
   80bb4: 48 42 38 d5                  	mrs	x8, CurrentEL
   80bb8: 09 05 7e 92                  	and	x9, x8, #0xc
   80bbc: 3f 21 00 f1                  	cmp	x9, #8
   80bc0: e1 02 00 54                  	b.ne	#92 <_cpuinit+0x68>
   80bc4: 08 e1 3c d5                  	mrs	x8, CNTHCTL_EL2
   80bc8: 08 05 40 b2                  	orr	x8, x8, #0x3
   80bcc: 08 e1 1c d5                  	msr	CNTHCTL_EL2, x8
   80bd0: 7f e0 1c d5                  	msr	CNTVOFF_EL2, xzr
   80bd4: e9 03 1f aa                  	mov	x9, xzr
   80bd8: e8 7f 86 d2                  	mov	x8, #13311
   80bdc: 48 11 1c d5                  	msr	CPTR_EL2, x8
   80be0: 7f 11 1c d5                  	msr	HSTR_EL2, xzr
   80be4: 08 11 3c d5                  	mrs	x8, HCR_EL2
   80be8: 08 01 61 b2                  	orr	x8, x8, #0x80000000
   80bec: 08 11 1c d5                  	msr	HCR_EL2, x8
   80bf0: a8 78 80 d2                  	mov	x8, #965
   80bf4: 09 40 3c d5                  	mrs	x9, SPSR_EL2
   80bf8: 29 01 08 aa                  	orr	x9, x9, x8
   80bfc: 09 40 1c d5                  	msr	SPSR_EL2, x9
   80c00: 0a 00 00 90                  	adrp	x10, #0
   80c04: 08 00 00 90                  	adrp	x8, #0
   80c08: 4a d1 34 91                  	add	x10, x10, #3380
   80c0c: 2a 40 1c d5                  	msr	ELR_EL2, x10
   80c10: 08 01 00 91                  	add	x8, x8, #0
   80c14: 08 41 1c d5                  	msr	SP_EL1, x8
   80c18: e0 03 9f d6                  	eret
   80c1c: 46 00 00 14                  	b	#280 <startup>

0000000000080c20 panic:
   80c20: 5f 20 03 d5                  	wfe
   80c24: ff ff ff 17                  	b	#-4 <panic>

0000000000080c28 startup_load_task_list:
   80c28: fb 0f 1a f8                  	str	x27, [sp, #-96]!
   80c2c: fa 67 01 a9                  	stp	x26, x25, [sp, #16]
   80c30: f8 5f 02 a9                  	stp	x24, x23, [sp, #32]
   80c34: f6 57 03 a9                  	stp	x22, x21, [sp, #48]
   80c38: f4 4f 04 a9                  	stp	x20, x19, [sp, #64]
   80c3c: fd 7b 05 a9                  	stp	x29, x30, [sp, #80]
   80c40: fd 43 01 91                  	add	x29, sp, #80
   80c44: 01 06 00 b4                  	cbz	x1, #192 <startup_load_task_list+0xdc>
   80c48: 3b 89 8a 52                  	mov	w27, #21577
   80c4c: 15 00 00 90                  	adrp	x21, #0
   80c50: 16 00 00 90                  	adrp	x22, #0
   80c54: 17 00 00 90                  	adrp	x23, #0
   80c58: 18 00 00 90                  	adrp	x24, #0
   80c5c: f3 03 01 aa                  	mov	x19, x1
   80c60: f4 03 00 aa                  	mov	x20, x0
   80c64: bb a8 a9 72                  	movk	w27, #19781, lsl #16
   80c68: b5 de 37 91                  	add	x21, x21, #3575
   80c6c: d6 9a 36 91                  	add	x22, x22, #3494
   80c70: f7 6a 3c 91                  	add	x23, x23, #3866
   80c74: 18 1b 3c 91                  	add	x24, x24, #3846
   80c78: 03 00 00 14                  	b	#12 <startup_load_task_list+0x5c>
   80c7c: 94 12 40 f9                  	ldr	x20, [x20, #32]
   80c80: 33 04 00 b4                  	cbz	x19, #132 <startup_load_task_list+0xdc>
   80c84: 88 02 40 f9                  	ldr	x8, [x20]
   80c88: 1f 01 1b eb                  	cmp	x8, x27
   80c8c: a1 04 00 54                  	b.ne	#148 <startup_load_task_list+0xf8>
   80c90: 88 16 40 f9                  	ldr	x8, [x20, #40]
   80c94: e0 03 15 aa                  	mov	x0, x21
   80c98: 99 62 00 91                  	add	x25, x20, #24
   80c9c: 08 fd 3f 91                  	add	x8, x8, #4095
   80ca0: fa 33 48 cb                  	neg	x26, x8, lsr #12
   80ca4: 1d ff ff 97                  	bl	#-908 <uart_puts>
   80ca8: 73 06 00 d1                  	sub	x19, x19, #1
   80cac: e0 03 13 aa                  	mov	x0, x19
   80cb0: 76 ff ff 97                  	bl	#-552 <uart_u64hex>
   80cb4: e0 03 16 aa                  	mov	x0, x22
   80cb8: 18 ff ff 97                  	bl	#-928 <uart_puts>
   80cbc: e0 03 19 aa                  	mov	x0, x25
   80cc0: 72 ff ff 97                  	bl	#-568 <uart_u64hex>
   80cc4: e0 03 17 aa                  	mov	x0, x23
   80cc8: 14 ff ff 97                  	bl	#-944 <uart_puts>
   80ccc: e0 03 1a aa                  	mov	x0, x26
   80cd0: 6e ff ff 97                  	bl	#-584 <uart_u64hex>
   80cd4: e0 03 18 aa                  	mov	x0, x24
   80cd8: 10 ff ff 97                  	bl	#-960 <uart_puts>
   80cdc: 88 16 40 f9                  	ldr	x8, [x20, #40]
   80ce0: e8 fc ff b4                  	cbz	x8, #-100 <startup_load_task_list+0x54>
   80ce4: e8 03 1f aa                  	mov	x8, xzr
   80ce8: 29 6b 68 38                  	ldrb	w9, [x25, x8]
   80cec: 49 6b 28 38                  	strb	w9, [x26, x8]
   80cf0: 08 05 00 91                  	add	x8, x8, #1
   80cf4: 89 16 40 f9                  	ldr	x9, [x20, #40]
   80cf8: 1f 01 09 eb                  	cmp	x8, x9
   80cfc: 63 ff ff 54                  	b.lo	#-20 <startup_load_task_list+0xc0>
   80d00: df ff ff 17                  	b	#-132 <startup_load_task_list+0x54>
   80d04: fd 7b 45 a9                  	ldp	x29, x30, [sp, #80]
   80d08: f4 4f 44 a9                  	ldp	x20, x19, [sp, #64]
   80d0c: f6 57 43 a9                  	ldp	x22, x21, [sp, #48]
   80d10: f8 5f 42 a9                  	ldp	x24, x23, [sp, #32]
   80d14: fa 67 41 a9                  	ldp	x26, x25, [sp, #16]
   80d18: fb 07 46 f8                  	ldr	x27, [sp], #96
   80d1c: c0 03 5f d6                  	ret
   80d20: 00 00 00 90                  	adrp	x0, #0
   80d24: 00 98 39 91                  	add	x0, x0, #3686
   80d28: fc fe ff 97                  	bl	#-1040 <uart_puts>
   80d2c: 5f 20 03 d5                  	wfe
   80d30: ff ff ff 17                  	b	#-4 <startup_load_task_list+0x104>

0000000000080d34 startup:
   80d34: fd 7b bf a9                  	stp	x29, x30, [sp, #-16]!
   80d38: fd 03 00 91                  	mov	x29, sp
   80d3c: af fe ff 97                  	bl	#-1348 <uart_init>
   80d40: 1f 04 00 31                  	cmn	w0, #1
   80d44: 00 02 00 54                  	b.eq	#64 <startup+0x50>
   80d48: 48 00 00 d0                  	adrp	x8, #40960
   80d4c: 89 2a 88 52                  	mov	w9, #16724
   80d50: 69 6a a9 72                  	movk	w9, #19283, lsl #16
   80d54: 08 01 40 b9                  	ldr	w8, [x8]
   80d58: 1f 01 09 6b                  	cmp	w8, w9
   80d5c: 81 01 00 54                  	b.ne	#48 <startup+0x58>
   80d60: 00 00 00 90                  	adrp	x0, #0
   80d64: 00 a4 38 91                  	add	x0, x0, #3625
   80d68: ec fe ff 97                  	bl	#-1104 <uart_puts>
   80d6c: 48 00 00 d0                  	adrp	x8, #40960
   80d70: 08 01 00 91                  	add	x8, x8, #0
   80d74: 01 81 40 a9                  	ldp	x1, x0, [x8, #8]
   80d78: ac ff ff 97                  	bl	#-336 <startup_load_task_list>
   80d7c: 5f 20 03 d5                  	wfe
   80d80: ff ff ff 17                  	b	#-4 <startup+0x48>
   80d84: 5f 20 03 d5                  	wfe
   80d88: ff ff ff 17                  	b	#-4 <startup+0x50>
   80d8c: 00 00 00 90                  	adrp	x0, #0
   80d90: 00 08 37 91                  	add	x0, x0, #3522
   80d94: e1 fe ff 97                  	bl	#-1148 <uart_puts>
   80d98: 5f 20 03 d5                  	wfe
   80d9c: ff ff ff 17                  	b	#-4 <startup+0x64>

Disassembly of section .rodata:

0000000000080da0 .rodata:
   80da0: 52 57 20 3a                  	<unknown>
   80da4: 20 00 20 66                  	<unknown>
   80da8: 72 6f 6d 20                  	<unknown>
   80dac: 69 6d 61 67                  	<unknown>
   80db0: 65 20 6f 66                  	<unknown>
   80db4: 66 73 65 74                  	<unknown>
   80db8: 20 00 2d 00                  	<unknown>

0000000000080dba $d.1:
   80dba: 2d 00 52 4f                  	<unknown>
   80dbe: 58 3a 20 00                  	<unknown>
   80dc2: 72 70 69 33                  	<unknown>
   80dc6: 72 74 6f 73                  	<unknown>
   80dca: 3a 3a 73 74                  	<unknown>
   80dce: 61 72 74 75                  	<unknown>
   80dd2: 70 28 29 3a                  	<unknown>
   80dd6: 20 4e 6f 20                  	<unknown>
   80dda: 74 61 73 6b                  	<unknown>
   80dde: 20 68 65 61                  	<unknown>
   80de2: 64 65 72 20                  	<unknown>
   80de6: 66 6f 75 6e                  	umin	v6.8h, v27.8h, v21.8h
   80dea: 64 2e 20 50                  	adr	x4, #263630
   80dee: 61 6e 69 63                  	<unknown>
   80df2: 2e 0a 00 5d                  	<unknown>
   80df6: 00 72 70 69                  	ldpsw	x0, x28, [x16, #-128]
   80dfa: 33 72 74 6f                  	<unknown>
   80dfe: 73 3a 3a 73                  	<unknown>
   80e02: 74 61 72 74                  	<unknown>
   80e06: 75 70 5f 6c                  	ldnp	d21, d28, [x3, #496]
   80e0a: 6f 61 64 5f                  	<unknown>
   80e0e: 74 61 73 6b                  	<unknown>
   80e12: 5f 69 74 65                  	<unknown>
   80e16: 6d 28 29 3a                  	<unknown>
   80e1a: 20 4c 6f 61                  	<unknown>
   80e1e: 64 69 6e 67                  	<unknown>
   80e22: 20 74 61 73                  	<unknown>
   80e26: 6b 20 00 72                  	ands	w11, w3, #0x1ff
   80e2a: 70 69 33 72                  	ands	w16, w11, #0xffffe0ff
   80e2e: 74 6f 73 3a                  	<unknown>
   80e32: 3a 73 74 61                  	<unknown>
   80e36: 72 74 75 70                  	adr	x18, #962191
   80e3a: 28 29 3a 20                  	<unknown>
   80e3e: 46 6f 75 6e                  	umin	v6.8h, v26.8h, v21.8h
   80e42: 64 20 74 61                  	<unknown>
   80e46: 73 6b 20 68                  	<unknown>
   80e4a: 65 61 64 65                  	<unknown>
   80e4e: 72 2e 20 4c                  	<unknown>
   80e52: 6f 61 64 69                  	ldpsw	x15, x24, [x11, #-224]
   80e56: 6e 67 20 74                  	<unknown>
   80e5a: 61 73 6b 73                  	<unknown>
   80e5e: 2e 2e 2e 0a                  	bic	w14, w17, w14, lsl #11
   80e62: 00 30 78 00                  	<unknown>

0000000000080e63 $d.2:
   80e63: 30 78 00 72                  	ands	w16, w1, #0x7fffffff

0000000000080e66 $d.2:
   80e66: 72 70 69 33                  	<unknown>
   80e6a: 72 74 6f 73                  	<unknown>
   80e6e: 3a 3a 73 74                  	<unknown>
   80e72: 61 72 74 75                  	<unknown>
   80e76: 70 5f 6c 6f                  	<unknown>
   80e7a: 61 64 5f 74                  	<unknown>
   80e7e: 61 73 6b 5f                  	sqdmlsl	s1, h27, v11.h[2]
   80e82: 69 74 65 6d                  	ldp	d9, d29, [x3, #-432]
   80e86: 28 29 3a 20                  	<unknown>
   80e8a: 4e 6f 20 74                  	<unknown>
   80e8e: 61 73 6b 20                  	<unknown>
   80e92: 6c 69 73 74                  	<unknown>
   80e96: 20 69 74 65                  	<unknown>
   80e9a: 6d 20 66 6f                  	umlal2	v13.4s, v3.8h, v6.h[2]
   80e9e: 75 6e 64 2e                  	umin	v21.4h, v19.4h, v4.4h
   80ea2: 20 50 61 6e                  	uabal2	v0.4s, v1.8h, v1.8h
   80ea6: 69 63 2e 0a                  	bic	w9, w27, w14, lsl #24
   80eaa: 00 6d 6d 75                  	<unknown>
   80eae: 5f 65 6e 61                  	<unknown>
   80eb2: 62 6c 65 28                  	ldnp	w2, w27, [x3, #-216]
   80eb6: 29 3a 20 53                  	<unknown>
   80eba: 65 74 74 69                  	ldpsw	x5, x29, [x3, #-96]
   80ebe: 6e 67 20 75                  	<unknown>
   80ec2: 70 20 6c 65                  	<unknown>
   80ec6: 76 65 6c 20                  	<unknown>
   80eca: 32 20 74 61                  	<unknown>
   80ece: 62 6c 65 0a                  	bic	w2, w3, w5, lsr #27
   80ed2: 00 6d 6d 75                  	<unknown>
   80ed6: 3a 3a 69 6e                  	<unknown>
   80eda: 69 74 5f 70                  	adr	x9, #781967
   80ede: 61 67 65 5f                  	<unknown>
   80ee2: 74 61 62 6c                  	ldnp	d20, d24, [x11, #-480]
   80ee6: 65 73 28 29                  	stp	w5, w28, [x27, #-192]
   80eea: 3a 20 53 65                  	<unknown>
   80eee: 74 74 69 6e                  	uabd	v20.8h, v3.8h, v9.8h
   80ef2: 67 20 75 70                  	adr	x7, #959503
   80ef6: 20 6c 65 76                  	<unknown>
   80efa: 65 6c 20 33                  	<unknown>
   80efe: 20 74 61 62                  	<unknown>
   80f02: 6c 65 0a 00                  	<unknown>
   80f06: 0a 00 2d 3e                  	<unknown>
   80f0a: 6c 65 76 65                  	<unknown>
   80f0e: 6c 20 33 20                  	<unknown>
   80f12: 74 61 62 6c                  	ldnp	d20, d24, [x11, #-480]
   80f16: 65 2e 0a 00                  	<unknown>
   80f1a: 20 74 6f 20                  	<unknown>
   80f1e: 6d 65 6d 6f                  	sqshlu	v13.2d, v11.2d, #45
   80f22: 72 79 20 6f                  	<unknown>
   80f26: 66 66 73 65                  	<unknown>
   80f2a: 74 20 00 6d                  	stp	d20, d8, [x3]
   80f2e: 6d 75 5f 65                  	<unknown>
   80f32: 6e 61 62 6c                  	ldnp	d14, d24, [x11, #-480]
   80f36: 65 28 29 3a                  	<unknown>
   80f3a: 20 4d 61 70                  	adr	x0, #797095
   80f3e: 70 69 6e 67                  	<unknown>
   80f42: 20 70 65 72                  	<unknown>
   80f46: 69 70 68 65                  	<unknown>
   80f4a: 72 61 6c 73                  	<unknown>
   80f4e: 20 69 6e 20                  	<unknown>
   80f52: 6c 65 76 65                  	<unknown>
   80f56: 6c 20 32 20                  	<unknown>
   80f5a: 74 61 62 6c                  	ldnp	d20, d24, [x11, #-480]
   80f5e: 65 0a 00 20                  	<unknown>
   80f62: 5b 00 1d 00                  	<unknown>

0000000000080f64 $d.1:
   80f64: 1d 00 02 04                  	<unknown>
   80f68: 06 08 0a 0c                  	<unknown>
   80f6c: 0e 10 12 14                  	b	#4735032 <flag+0x47afa4>
   80f70: 16 18 1a 1c                  	ldr	s22, #213760
   80f74: 30 00 00 00                  	udf	#48
   80f78: 31 00 00 00                  	udf	#49
   80f7c: 32 00 00 00                  	udf	#50
   80f80: 33 00 00 00                  	udf	#51
   80f84: 34 00 00 00                  	udf	#52
   80f88: 35 00 00 00                  	udf	#53
   80f8c: 36 00 00 00                  	udf	#54
   80f90: 37 00 00 00                  	udf	#55
   80f94: 38 00 00 00                  	udf	#56
   80f98: 39 00 00 00                  	udf	#57
   80f9c: 41 00 00 00                  	udf	#65
   80fa0: 42 00 00 00                  	udf	#66
   80fa4: 43 00 00 00                  	udf	#67
   80fa8: 44 00 00 00                  	udf	#68
   80fac: 45 00 00 00                  	udf	#69
   80fb0: 46 00 00 00                  	udf	#70

Disassembly of section .bss:

0000000000081000 __bss_beg:
...

0000000000082000 LEVEL_3_TABLES:
...

Disassembly of section .task_list:

000000000008a000 flag:
   8a000: 54 41 53 4b                  	sub	w20, w10, w19, lsr #16
   8a004: 00 00 00 00                  	udf	#0
   8a008: 01 00 00 00                  	udf	#1
   8a00c: 00 00 00 00                  	udf	#0
   8a010: 18 a0 08 00                  	<unknown>
   8a014: 00 00 00 00                  	udf	#0

Disassembly of section .symtab:

0000000000000000 .symtab:
		...
      18: 01 00 00 00                  	udf	#1
      1c: 00 00 01 00                  	<unknown>
      20: 40 00 08 00                  	<unknown>
		...
      30: 06 00 00 00                  	udf	#6
      34: 00 00 01 00                  	<unknown>
      38: 00 00 08 00                  	<unknown>
		...
      48: 0b 00 00 00                  	udf	#11
      4c: 00 00 01 00                  	<unknown>
      50: 14 00 08 00                  	<unknown>
		...
      60: 12 00 00 00                  	udf	#18
      64: 00 00 01 00                  	<unknown>
      68: 34 00 08 00                  	<unknown>
		...
      78: 17 00 00 00                  	udf	#23
      7c: 00 00 01 00                  	<unknown>
      80: 1c 00 08 00                  	<unknown>
		...
      90: 1d 00 00 00                  	udf	#29
      94: 04 00 f1 ff                  	<unknown>
		...
      a8: 01 00 00 00                  	udf	#1
      ac: 00 00 02 00                  	<unknown>
      b0: ba 0d 08 00                  	<unknown>
		...
      c0: 23 00 00 00                  	udf	#35
      c4: 00 00 f1 ff                  	<unknown>
      c8: 41 00 00 00                  	udf	#65
		...
      d8: 06 00 00 00                  	udf	#6
      dc: 00 00 01 00                  	<unknown>
      e0: 54 00 08 00                  	<unknown>
		...
      f0: 28 00 00 00                  	udf	#40
      f4: 04 00 f1 ff                  	<unknown>
		...
     108: 01 00 00 00                  	udf	#1
     10c: 00 00 02 00                  	<unknown>
     110: 64 0f 08 00                  	<unknown>
		...
     120: 23 00 00 00                  	udf	#35
     124: 00 00 02 00                  	<unknown>
     128: 63 0e 08 00                  	<unknown>
		...
     138: 2f 00 00 00                  	udf	#47
     13c: 00 00 f1 ff                  	<unknown>
     140: 41 00 00 00                  	udf	#65
		...
     150: 06 00 00 00                  	udf	#6
     154: 00 00 01 00                  	<unknown>
     158: f8 07 08 00                  	<unknown>
		...
     168: 34 00 00 00                  	udf	#52
     16c: 04 00 f1 ff                  	<unknown>
		...
     180: 01 00 00 00                  	udf	#1
     184: 00 00 f1 ff                  	<unknown>
     188: 41 00 00 00                  	udf	#65
		...
     198: 06 00 00 00                  	udf	#6
     19c: 00 00 01 00                  	<unknown>
     1a0: 38 0b 08 00                  	<unknown>
		...
     1b0: 3b 00 00 00                  	udf	#59
     1b4: 04 00 f1 ff                  	<unknown>
		...
     1c8: 01 00 00 00                  	udf	#1
     1cc: 00 00 f1 ff                  	<unknown>
     1d0: 41 00 00 00                  	udf	#65
		...
     1e0: 06 00 00 00                  	udf	#6
     1e4: 00 00 01 00                  	<unknown>
     1e8: b4 0b 08 00                  	<unknown>
		...
     1f8: 45 00 00 00                  	udf	#69
     1fc: 04 00 f1 ff                  	<unknown>
		...
     210: 01 00 00 00                  	udf	#1
     214: 00 00 05 00                  	<unknown>
     218: 00 a0 08 00                  	<unknown>
		...
     228: 23 00 00 00                  	udf	#35
     22c: 00 00 02 00                  	<unknown>
     230: 66 0e 08 00                  	<unknown>
		...
     240: 2f 00 00 00                  	udf	#47
     244: 00 00 f1 ff                  	<unknown>
     248: 41 00 00 00                  	udf	#65
		...
     258: 06 00 00 00                  	udf	#6
     25c: 00 00 01 00                  	<unknown>
     260: 20 0c 08 00                  	<unknown>
		...
     270: 4f 00 00 00                  	udf	#79
     274: 01 00 05 00                  	<unknown>
     278: 00 a0 08 00                  	<unknown>
     27c: 00 00 00 00                  	udf	#0
     280: 18 00 00 00                  	udf	#24
     284: 00 00 00 00                  	udf	#0
     288: 54 00 00 00                  	udf	#84
     28c: 10 00 04 00                  	<unknown>
     290: 00 10 08 00                  	<unknown>
		...
     2a0: 5e 00 00 00                  	udf	#94
     2a4: 10 00 f1 ff                  	<unknown>
     2a8: 00 12 00 00                  	udf	#4608
		...
     2b8: 67 00 00 00                  	udf	#103
     2bc: 12 00 01 00                  	<unknown>
     2c0: b4 0b 08 00                  	<unknown>
     2c4: 00 00 00 00                  	udf	#0
     2c8: 6c 00 00 00                  	udf	#108
     2cc: 00 00 00 00                  	udf	#0
     2d0: 70 00 00 00                  	udf	#112
     2d4: 10 00 01 00                  	<unknown>
     2d8: 00 00 08 00                  	<unknown>
		...
     2e8: 77 00 00 00                  	udf	#119
     2ec: 11 00 04 00                  	<unknown>
     2f0: 00 10 08 00                  	<unknown>
     2f4: 00 00 00 00                  	udf	#0
     2f8: 00 10 00 00                  	udf	#4096
     2fc: 00 00 00 00                  	udf	#0
     300: 85 00 00 00                  	udf	#133
     304: 11 00 04 00                  	<unknown>
     308: 00 20 08 00                  	<unknown>
     30c: 00 00 00 00                  	udf	#0
     310: 00 80 00 00                  	udf	#32768
     314: 00 00 00 00                  	udf	#0
     318: 94 00 00 00                  	udf	#148
     31c: 12 00 01 00                  	<unknown>
     320: ec 06 08 00                  	<unknown>
     324: 00 00 00 00                  	udf	#0
     328: 0c 01 00 00                  	udf	#268
     32c: 00 00 00 00                  	udf	#0
     330: 9f 00 00 00                  	udf	#159
     334: 12 00 01 00                  	<unknown>
     338: 0c 05 08 00                  	<unknown>
     33c: 00 00 00 00                  	udf	#0
     340: e0 01 00 00                  	udf	#480
     344: 00 00 00 00                  	udf	#0
     348: b8 00 00 00                  	udf	#184
     34c: 12 00 01 00                  	<unknown>
     350: f4 01 08 00                  	<unknown>
     354: 00 00 00 00                  	udf	#0
     358: 18 03 00 00                  	udf	#792
     35c: 00 00 00 00                  	udf	#0
     360: d1 00 00 00                  	udf	#209
     364: 12 00 01 00                  	<unknown>
     368: 68 01 08 00                  	<unknown>
     36c: 00 00 00 00                  	udf	#0
     370: 8c 00 00 00                  	udf	#140
     374: 00 00 00 00                  	udf	#0
     378: f3 00 00 00                  	udf	#243
     37c: 12 00 01 00                  	<unknown>
     380: dc 00 08 00                  	<unknown>
     384: 00 00 00 00                  	udf	#0
     388: 8c 00 00 00                  	udf	#140
     38c: 00 00 00 00                  	udf	#0
     390: 14 01 00 00                  	udf	#276
     394: 12 00 01 00                  	<unknown>
     398: 54 00 08 00                  	<unknown>
     39c: 00 00 00 00                  	udf	#0
     3a0: 88 00 00 00                  	udf	#136
     3a4: 00 00 00 00                  	udf	#0
     3a8: 24 01 00 00                  	udf	#292
     3ac: 12 00 01 00                  	<unknown>
     3b0: 18 09 08 00                  	<unknown>
     3b4: 00 00 00 00                  	udf	#0
     3b8: 60 00 00 00                  	udf	#96
     3bc: 00 00 00 00                  	udf	#0
     3c0: 2e 01 00 00                  	udf	#302
     3c4: 12 00 01 00                  	<unknown>
     3c8: 88 0a 08 00                  	<unknown>
     3cc: 00 00 00 00                  	udf	#0
     3d0: b0 00 00 00                  	udf	#176
     3d4: 00 00 00 00                  	udf	#0
     3d8: 3a 01 00 00                  	udf	#314
     3dc: 12 00 01 00                  	<unknown>
     3e0: 38 0b 08 00                  	<unknown>
     3e4: 00 00 00 00                  	udf	#0
     3e8: 7c 00 00 00                  	udf	#124
     3ec: 00 00 00 00                  	udf	#0
     3f0: 44 01 00 00                  	udf	#324
     3f4: 12 00 01 00                  	<unknown>
     3f8: f8 07 08 00                  	<unknown>
     3fc: 00 00 00 00                  	udf	#0
     400: f8 00 00 00                  	udf	#248
     404: 00 00 00 00                  	udf	#0
     408: 4e 01 00 00                  	udf	#334
     40c: 12 00 01 00                  	<unknown>
     410: 78 09 08 00                  	<unknown>
     414: 00 00 00 00                  	udf	#0
     418: 74 00 00 00                  	udf	#116
     41c: 00 00 00 00                  	udf	#0
     420: 59 01 00 00                  	udf	#345
     424: 12 00 01 00                  	<unknown>
     428: f0 08 08 00                  	<unknown>
     42c: 00 00 00 00                  	udf	#0
     430: 28 00 00 00                  	udf	#40
     434: 00 00 00 00                  	udf	#0
     438: 63 01 00 00                  	udf	#355
     43c: 12 00 01 00                  	<unknown>
     440: ec 09 08 00                  	<unknown>
     444: 00 00 00 00                  	udf	#0
     448: 9c 00 00 00                  	udf	#156
     44c: 00 00 00 00                  	udf	#0
     450: 6e 01 00 00                  	udf	#366
     454: 12 00 01 00                  	<unknown>
     458: 34 0d 08 00                  	<unknown>
     45c: 00 00 00 00                  	udf	#0
     460: 6c 00 00 00                  	udf	#108
     464: 00 00 00 00                  	udf	#0
     468: 76 01 00 00                  	udf	#374
     46c: 10 00 04 00                  	<unknown>
     470: 00 a0 08 00                  	<unknown>
		...
     480: 80 01 00 00                  	udf	#384
     484: 12 00 01 00                  	<unknown>
     488: 20 0c 08 00                  	<unknown>
     48c: 00 00 00 00                  	udf	#0
     490: 08 00 00 00                  	udf	#8
     494: 00 00 00 00                  	udf	#0
     498: 86 01 00 00                  	udf	#390
     49c: 12 00 01 00                  	<unknown>
     4a0: 28 0c 08 00                  	<unknown>
     4a4: 00 00 00 00                  	udf	#0
     4a8: 0c 01 00 00                  	udf	#268
     4ac: 00 00 00 00                  	udf	#0
     4b0: 9d 01 00 00                  	udf	#413
     4b4: 10 00 03 00                  	<unknown>
     4b8: 00 10 08 00                  	<unknown>
		...

Disassembly of section .shstrtab:

0000000000000000 .shstrtab:
       0: 00 2e 74 65                  	<unknown>
       4: 78 74 00 2e                  	<unknown>
       8: 72 6f 64 61                  	<unknown>
       c: 74 61 00 2e                  	<unknown>
      10: 64 61 74 61                  	<unknown>
      14: 00 2e 62 73                  	<unknown>
      18: 73 00 2e 74                  	<unknown>
      1c: 61 73 6b 5f                  	sqdmlsl	s1, h27, v11.h[2]
      20: 6c 69 73 74                  	<unknown>
      24: 00 2e 73 79                  	ldrh	w0, [x16, #6550]
      28: 6d 74 61 62                  	<unknown>
      2c: 00 2e 73 68                  	<unknown>
      30: 73 74 72 74                  	<unknown>
      34: 61 62 00 2e                  	<unknown>
      38: 73 74 72 74                  	<unknown>
      3c: 61                           	<unknown>
      3d: 62                           	<unknown>
      3e: 00                           	<unknown>

Disassembly of section .strtab:

0000000000000000 .strtab:
       0: 00 24 64 2e                  	uhsub	v0.4h, v0.4h, v4.4h
       4: 31 00 24 78                  	<unknown>
       8: 2e 30 00 5f                  	<unknown>
       c: 63 69 6e 69                  	ldpsw	x3, x26, [x11, #-144]
      10: 74 00 5f 6a                  	ands	w20, w3, wzr, lsr #0
      14: 6d 70 00 5f                  	<unknown>
      18: 7a 62 73 73                  	<unknown>
      1c: 00 6d 6d 75                  	<unknown>
      20: 2e 63 00 24                  	<unknown>
      24: 64 2e 32 00                  	<unknown>
      28: 75 61 72 74                  	<unknown>
      2c: 2e 63 00 24                  	<unknown>
      30: 64 2e 33 00                  	<unknown>
      34: 6d 62 6f 78                  	<unknown>
      38: 2e 63 00 63                  	<unknown>
      3c: 70 75 69 6e                  	uabd	v16.8h, v11.8h, v9.8h
      40: 69 74 2e 63                  	<unknown>
      44: 00 73 74 61                  	<unknown>
      48: 72 74 75 70                  	adr	x18, #962191
      4c: 2e 63 00 66                  	<unknown>
      50: 6c 61 67 00                  	<unknown>
      54: 5f 5f 62 73                  	<unknown>
      58: 73 5f 62 65                  	<unknown>
      5c: 67 00 5f 5f                  	<unknown>
      60: 62 73 73 5f                  	sqdmlsl	s2, h27, v3.h[3]
      64: 73 7a 00 5f                  	<unknown>
      68: 63 70 75 69                  	ldpsw	x3, x28, [x3, #-88]
      6c: 6e 69 74 00                  	<unknown>
      70: 5f 73 74 61                  	<unknown>
      74: 72 74 00 4c                  	st1	{ v18.8h }, [x3]
      78: 45 56 45 4c                  	<unknown>
      7c: 5f 32 5f 54                  	<unknown>
      80: 41 42 4c 45                  	<unknown>
      84: 00 4c 45 56                  	<unknown>
      88: 45 4c 5f 33                  	<unknown>
      8c: 5f 54 41 42                  	<unknown>
      90: 4c 45 53 00                  	<unknown>
      94: 6d 6d 75 5f                  	<unknown>
      98: 65 6e 61 62                  	<unknown>
      9c: 6c 65 00 6d                  	stp	d12, d25, [x11]
      a0: 6d 75 5f 65                  	<unknown>
      a4: 6e 61 62 6c                  	ldnp	d14, d24, [x11, #-480]
      a8: 65 5f 6c 65                  	<unknown>
      ac: 76 65 6c 5f                  	<unknown>
      b0: 32 5f 74 61                  	<unknown>
      b4: 62 6c 65 00                  	<unknown>
      b8: 6d 6d 75 5f                  	<unknown>
      bc: 65 6e 61 62                  	<unknown>
      c0: 6c 65 5f 6c                  	ldnp	d12, d25, [x11, #496]
      c4: 65 76 65 6c                  	ldnp	d5, d29, [x19, #-432]
      c8: 5f 33 5f 74                  	<unknown>
      cc: 61 62 6c 65                  	<unknown>
      d0: 00 6d 6d 75                  	<unknown>
      d4: 5f 65 6e 61                  	<unknown>
      d8: 62 6c 65 5f                  	<unknown>
      dc: 6c 65 76 65                  	<unknown>
      e0: 6c 5f 33 5f                  	<unknown>
      e4: 74 61 62 6c                  	ldnp	d20, d24, [x11, #-480]
      e8: 65 5f 72 6f                  	<unknown>
      ec: 78 5f 62 6c                  	ldnp	d24, d23, [x27, #-480]
      f0: 6b 73 00 6d                  	stp	d11, d28, [x27]
      f4: 6d 75 5f 65                  	<unknown>
      f8: 6e 61 62 6c                  	ldnp	d14, d24, [x11, #-480]
      fc: 65 5f 6c 65                  	<unknown>
     100: 76 65 6c 5f                  	<unknown>
     104: 33 5f 74 61                  	<unknown>
     108: 62 6c 65 5f                  	<unknown>
     10c: 72 77 5f 62                  	<unknown>
     110: 6c 6b 73 00                  	<unknown>
     114: 6d 6d 75 5f                  	<unknown>
     118: 70 72 69 6e                  	uabdl2	v16.4s, v19.8h, v9.8h
     11c: 74 5f 72 61                  	<unknown>
     120: 6e 67 65 00                  	<unknown>
     124: 75 61 72 74                  	<unknown>
     128: 5f 70 75 74                  	<unknown>
     12c: 73 00 75 61                  	<unknown>
     130: 72 74 5f 75                  	<unknown>
     134: 36 34 68 65                  	<unknown>
     138: 78 00 6d 62                  	<unknown>
     13c: 6f 78 5f 63                  	<unknown>
     140: 61 6c 6c 00                  	<unknown>
     144: 75 61 72 74                  	<unknown>
     148: 5f 69 6e 69                  	ldpsw	xzr, x26, [x10, #-144]
     14c: 74 00 75 61                  	<unknown>
     150: 72 74 5f 6e                  	<unknown>
     154: 70 75 74 73                  	<unknown>
     158: 00 75 61 72                  	<unknown>
     15c: 74 5f 73 65                  	<unknown>
     160: 6e 64 00 75                  	<unknown>
     164: 61 72 74 5f                  	sqdmlsl	s1, h19, v4.h[3]
     168: 74 6f 68 65                  	<unknown>
     16c: 78 00 73 74                  	<unknown>
     170: 61 72 74 75                  	<unknown>
     174: 70 00 5f 5f                  	<unknown>
     178: 62 73 73 5f                  	sqdmlsl	s2, h27, v3.h[3]
     17c: 65 6e 64 00                  	<unknown>
     180: 70 61 6e 69                  	ldpsw	x16, x24, [x11, #-144]
     184: 63 00 73 74                  	<unknown>
     188: 61 72 74 75                  	<unknown>
     18c: 70 5f 6c 6f                  	<unknown>
     190: 61 64 5f 74                  	<unknown>
     194: 61 73 6b 5f                  	sqdmlsl	s1, h27, v11.h[2]
     198: 6c 69 73 74                  	<unknown>
     19c: 00 5f 5f 72                  	<unknown>
     1a0: 6f 5f 65 6e                  	uqrshl	v15.8h, v27.8h, v5.8h
     1a4: 64                           	<unknown>
     1a5: 00                           	<unknown>
