
kernel8.elf:	file format ELF64-aarch64-little


Disassembly of section .text:

0000000000080000 _start:
   80000: a1 00 38 d5                  	mrs	x1, MPIDR_EL1
   80004: 21 04 40 92                  	and	x1, x1, #0x3
   80008: 61 00 00 b4                  	cbz	x1, #12 <_cinit>
   8000c: 5f 20 03 d5                  	wfe
   80010: ff ff ff 17                  	b	#-4 <_start+0xc>

0000000000080014 _cinit:
   80014: 61 01 00 58                  	ldr	x1, #44
   80018: 3f 00 00 91                  	mov	sp, x1

000000000008001c _zbss:
   8001c: 61 01 00 58                  	ldr	x1, #44
   80020: 82 01 00 18                  	ldr	w2, #48
   80024: 82 00 00 34                  	cbz	w2, #16 <_jmp>
   80028: 3f 84 00 f8                  	str	xzr, [x1], #8
   8002c: 42 04 00 51                  	sub	w2, w2, #1
   80030: a2 ff ff 35                  	cbnz	w2, #-12 <_zbss+0x8>

0000000000080034 _jmp:
   80034: 7d 00 00 94                  	bl	#500 <_cpuinit>
   80038: f5 ff ff 17                  	b	#-44 <_start+0xc>
   8003c: 1f 20 03 d5                  	nop

0000000000080040 $d.1:
   80040:	00 00 08 00	.word	0x00080000
   80044:	00 00 00 00	.word	0x00000000
   80048:	40 10 08 00	.word	0x00081040
   8004c:	00 00 00 00	.word	0x00000000
   80050:	00 00 00 00	.word	0x00000000

0000000000080054 current_el0_irq:
   80054: c0 03 5f d6                  	ret

0000000000080058 current_el0_fiq:
   80058: c0 03 5f d6                  	ret

000000000008005c current_elx_irq:
   8005c: c0 03 5f d6                  	ret

0000000000080060 current_elx_fiq:
   80060: c0 03 5f d6                  	ret

0000000000080064 lower_aarch64_irq:
   80064: c0 03 5f d6                  	ret

0000000000080068 lower_aarch64_fiq:
   80068: c0 03 5f d6                  	ret

000000000008006c lower_aarch32_irq:
   8006c: c0 03 5f d6                  	ret

0000000000080070 lower_aarch32_fiq:
   80070: c0 03 5f d6                  	ret

0000000000080074 uart_init:
   80074: ff c3 02 d1                  	sub	sp, sp, #176
   80078: 48 00 90 d2                  	mov	x8, #32770
   8007c: 09 20 81 52                  	mov	w9, #2304
   80080: 68 00 a0 f2                  	movk	x8, #3, lsl #16
   80084: 0a 01 80 d2                  	mov	x10, #8
   80088: f3 4b 00 f9                  	str	x19, [sp, #144]
   8008c: 88 01 c0 f2                  	movk	x8, #12, lsl #32
   80090: 93 04 80 52                  	mov	w19, #36
   80094: a9 07 a0 72                  	movk	w9, #61, lsl #16
   80098: 4a 00 c0 f2                  	movk	x10, #2, lsl #32
   8009c: e0 03 00 91                  	mov	x0, sp
   800a0: 01 01 80 52                  	mov	w1, #8
   800a4: fd 7b 0a a9                  	stp	x29, x30, [sp, #160]
   800a8: fd 83 02 91                  	add	x29, sp, #160
   800ac: f3 23 00 a9                  	stp	x19, x8, [sp]
   800b0: ea 27 01 a9                  	stp	x10, x9, [sp, #16]
   800b4: ff 23 00 b9                  	str	wzr, [sp, #32]
   800b8: bf 3f 03 d5                  	dmb	sy
   800bc: b7 00 00 94                  	bl	#732 <mbox_call>
   800c0: 1f 04 00 31                  	cmn	w0, #1
   800c4: c0 04 00 54                  	b.eq	#152 <uart_init+0xe8>
   800c8: 08 13 80 52                  	mov	w8, #152
   800cc: 08 e4 a7 72                  	movk	w8, #16160, lsl #16
   800d0: 09 c1 5f b8                  	ldur	w9, [x8, #-4]
   800d4: 0a c1 56 b8                  	ldur	w10, [x8, #-148]
   800d8: 2b 75 1e 12                  	and	w11, w9, #0xfffffffc
   800dc: c9 12 80 52                  	mov	w9, #150
   800e0: 6a 16 14 33                  	bfi	w10, w19, #12, #6
   800e4: 0a c1 16 b8                  	stur	w10, [x8, #-148]
   800e8: 0b c1 1f b8                  	stur	w11, [x8, #-4]
   800ec: 29 05 00 71                  	subs	w9, w9, #1
   800f0: 1f 20 03 d5                  	nop
   800f4: c1 ff ff 54                  	b.ne	#-8 <uart_init+0x78>
   800f8: 09 01 40 b9                  	ldr	w9, [x8]
   800fc: 2a 05 12 32                  	orr	w10, w9, #0xc000
   80100: c9 12 80 52                  	mov	w9, #150
   80104: 0a 01 00 b9                  	str	w10, [x8]
   80108: 29 05 00 71                  	subs	w9, w9, #1
   8010c: 1f 20 03 d5                  	nop
   80110: c1 ff ff 54                  	b.ne	#-8 <uart_init+0x94>
   80114: 89 04 82 52                  	mov	w9, #4132
   80118: 1f 01 00 b9                  	str	wzr, [x8]
   8011c: 09 e4 a7 72                  	movk	w9, #16160, lsl #16
   80120: 4a 00 80 52                  	mov	w10, #2
   80124: 6c 01 80 52                  	mov	w12, #11
   80128: e0 03 1f 2a                  	mov	w0, wzr
   8012c: 28 21 40 b9                  	ldr	w8, [x9, #32]
   80130: 2b b5 40 29                  	ldp	w11, w13, [x9, #4]
   80134: 2e 0d 40 b9                  	ldr	w14, [x9, #12]
   80138: 2a 01 00 79                  	strh	w10, [x9]
   8013c: 2a 60 80 52                  	mov	w10, #769
   80140: 08 51 15 12                  	and	w8, w8, #0xfffff800
   80144: 8b 11 00 33                  	bfxil	w11, w12, #0, #5
   80148: ac 05 1b 32                  	orr	w12, w13, #0x60
   8014c: ca 01 0a 2a                  	orr	w10, w14, w10
   80150: 28 21 00 b9                  	str	w8, [x9, #32]
   80154: 2b b1 00 29                  	stp	w11, w12, [x9, #4]
   80158: 2a 0d 00 b9                  	str	w10, [x9, #12]
   8015c: fd 7b 4a a9                  	ldp	x29, x30, [sp, #160]
   80160: f3 4b 40 f9                  	ldr	x19, [sp, #144]
   80164: ff c3 02 91                  	add	sp, sp, #176
   80168: c0 03 5f d6                  	ret

000000000008016c uart_send:
   8016c: 08 03 82 52                  	mov	w8, #4120
   80170: 08 e4 a7 72                  	movk	w8, #16160, lsl #16
   80174: 09 01 40 39                  	ldrb	w9, [x8]
   80178: 89 00 28 36                  	tbz	w9, #5, #16 <uart_send+0x1c>
   8017c: 1f 20 03 d5                  	nop
   80180: 09 01 40 39                  	ldrb	w9, [x8]
   80184: c9 ff 2f 37                  	tbnz	w9, #5, #-8 <uart_send+0x10>
   80188: 09 1c 00 12                  	and	w9, w0, #0xff
   8018c: 09 81 1e b8                  	stur	w9, [x8, #-24]
   80190: c0 03 5f d6                  	ret

0000000000080194 uart_puts:
   80194: 81 03 00 34                  	cbz	w1, #112 <uart_puts+0x70>
   80198: 09 03 82 52                  	mov	w9, #4120
   8019c: e8 03 1f 2a                  	mov	w8, wzr
   801a0: 09 e4 a7 72                  	movk	w9, #16160, lsl #16
   801a4: aa 01 80 52                  	mov	w10, #13
   801a8: 06 00 00 14                  	b	#24 <uart_puts+0x2c>
   801ac: 00 04 00 91                  	add	x0, x0, #1
   801b0: 08 05 00 11                  	add	w8, w8, #1
   801b4: 1f 01 01 6b                  	cmp	w8, w1
   801b8: 2b 81 1e b8                  	stur	w11, [x9, #-24]
   801bc: 40 02 00 54                  	b.eq	#72 <uart_puts+0x70>
   801c0: 0b 00 40 39                  	ldrb	w11, [x0]
   801c4: 7f 29 00 71                  	cmp	w11, #10
   801c8: c0 00 00 54                  	b.eq	#24 <uart_puts+0x4c>
   801cc: cb 01 00 34                  	cbz	w11, #56 <uart_puts+0x70>
   801d0: 2c 01 40 b9                  	ldr	w12, [x9]
   801d4: 0c 01 28 37                  	tbnz	w12, #5, #32 <uart_puts+0x60>
   801d8: f5 ff ff 17                  	b	#-44 <uart_puts+0x18>
   801dc: 1f 20 03 d5                  	nop
   801e0: 2c 01 40 b9                  	ldr	w12, [x9]
   801e4: cc ff 2f 37                  	tbnz	w12, #5, #-8 <uart_puts+0x48>
   801e8: 2a 81 1e b8                  	stur	w10, [x9, #-24]
   801ec: 0b 00 40 39                  	ldrb	w11, [x0]
   801f0: ec fd 2f 36                  	tbz	w12, #5, #-68 <uart_puts+0x18>
   801f4: 1f 20 03 d5                  	nop
   801f8: 2c 01 40 39                  	ldrb	w12, [x9]
   801fc: cc ff 2f 37                  	tbnz	w12, #5, #-8 <uart_puts+0x60>
   80200: eb ff ff 17                  	b	#-84 <uart_puts+0x18>
   80204: c0 03 5f d6                  	ret

0000000000080208 current_el0_synchronous:
   80208: c0 03 5f d6                  	ret

000000000008020c current_el0_serror:
   8020c: c0 03 5f d6                  	ret

0000000000080210 current_elx_synchronous:
   80210: c0 03 5f d6                  	ret

0000000000080214 current_elx_serror:
   80214: c0 03 5f d6                  	ret

0000000000080218 lower_aarch64_synchronous:
   80218: c0 03 5f d6                  	ret

000000000008021c lower_aarch64_serror:
   8021c: c0 03 5f d6                  	ret

0000000000080220 lower_aarch32_synchronous:
   80220: c0 03 5f d6                  	ret

0000000000080224 lower_aarch32_serror:
   80224: c0 03 5f d6                  	ret

0000000000080228 _cpuinit:
   80228: 48 42 38 d5                  	mrs	x8, CurrentEL
   8022c: 09 05 7e 92                  	and	x9, x8, #0xc
   80230: 3f 21 00 f1                  	cmp	x9, #8
   80234: 41 03 00 54                  	b.ne	#104 <_cpuinit+0x74>
   80238: 08 e1 3c d5                  	mrs	x8, CNTHCTL_EL2
   8023c: 08 05 40 b2                  	orr	x8, x8, #0x3
   80240: 08 e1 1c d5                  	msr	CNTHCTL_EL2, x8
   80244: 7f e0 1c d5                  	msr	CNTVOFF_EL2, xzr
   80248: e9 03 1f aa                  	mov	x9, xzr
   8024c: e8 7f 86 d2                  	mov	x8, #13311
   80250: 48 11 1c d5                  	msr	CPTR_EL2, x8
   80254: 7f 11 1c d5                  	msr	HSTR_EL2, xzr
   80258: 08 11 3c d5                  	mrs	x8, HCR_EL2
   8025c: 08 01 61 b2                  	orr	x8, x8, #0x80000000
   80260: 08 11 1c d5                  	msr	HCR_EL2, x8
   80264: a8 78 80 d2                  	mov	x8, #965
   80268: 09 40 3c d5                  	mrs	x9, SPSR_EL2
   8026c: 29 01 08 aa                  	orr	x9, x9, x8
   80270: 09 40 1c d5                  	msr	SPSR_EL2, x9
   80274: 0a 00 00 90                  	adrp	x10, #0
   80278: 08 00 00 90                  	adrp	x8, #0
   8027c: 4a 01 20 91                  	add	x10, x10, #2048
   80280: 08 c1 0d 91                  	add	x8, x8, #880
   80284: 0a c0 18 d5                  	msr	VBAR_EL1, x10
   80288: 28 40 1c d5                  	msr	ELR_EL2, x8
   8028c: 08 00 00 90                  	adrp	x8, #0
   80290: 08 01 00 91                  	add	x8, x8, #0
   80294: 08 41 1c d5                  	msr	SP_EL1, x8
   80298: e0 03 9f d6                  	eret
   8029c: 35 00 00 14                  	b	#212 <main>

00000000000802a0 task_save_state:
   802a0: df 43 03 d5                  	msr	DAIFSet, #3
   802a4: ff 03 04 d1                  	sub	sp, sp, #256
   802a8: e0 07 00 a9                  	stp	x0, x1, [sp]
   802ac: e2 0f 01 a9                  	stp	x2, x3, [sp, #16]
   802b0: e4 17 02 a9                  	stp	x4, x5, [sp, #32]
   802b4: e6 1f 03 a9                  	stp	x6, x7, [sp, #48]
   802b8: e8 27 04 a9                  	stp	x8, x9, [sp, #64]
   802bc: ea 2f 05 a9                  	stp	x10, x11, [sp, #80]
   802c0: ec 37 06 a9                  	stp	x12, x13, [sp, #96]
   802c4: ee 3f 07 a9                  	stp	x14, x15, [sp, #112]
   802c8: f0 47 08 a9                  	stp	x16, x17, [sp, #128]
   802cc: f2 4f 09 a9                  	stp	x18, x19, [sp, #144]
   802d0: f4 57 0a a9                  	stp	x20, x21, [sp, #160]
   802d4: f6 5f 0b a9                  	stp	x22, x23, [sp, #176]
   802d8: f8 67 0c a9                  	stp	x24, x25, [sp, #192]
   802dc: fa 6f 0d a9                  	stp	x26, x27, [sp, #208]
   802e0: fc 77 0e a9                  	stp	x28, x29, [sp, #224]
   802e4: 20 40 38 d5                  	mrs	x0, ELR_EL1
   802e8: e0 7b 0f a9                  	stp	x0, x30, [sp, #240]

00000000000802ec task_restore_state:
   802ec: e0 7b 4f a9                  	ldp	x0, x30, [sp, #240]
   802f0: 20 40 18 d5                  	msr	ELR_EL1, x0
   802f4: e0 07 40 a9                  	ldp	x0, x1, [sp]
   802f8: e2 0f 41 a9                  	ldp	x2, x3, [sp, #16]
   802fc: e4 17 42 a9                  	ldp	x4, x5, [sp, #32]
   80300: e6 1f 43 a9                  	ldp	x6, x7, [sp, #48]
   80304: e8 27 44 a9                  	ldp	x8, x9, [sp, #64]
   80308: ea 2f 45 a9                  	ldp	x10, x11, [sp, #80]
   8030c: ec 37 46 a9                  	ldp	x12, x13, [sp, #96]
   80310: ee 3f 47 a9                  	ldp	x14, x15, [sp, #112]
   80314: f0 47 48 a9                  	ldp	x16, x17, [sp, #128]
   80318: f2 4f 49 a9                  	ldp	x18, x19, [sp, #144]
   8031c: f4 57 4a a9                  	ldp	x20, x21, [sp, #160]
   80320: f6 5f 4b a9                  	ldp	x22, x23, [sp, #176]
   80324: f8 67 4c a9                  	ldp	x24, x25, [sp, #192]
   80328: fa 6f 4d a9                  	ldp	x26, x27, [sp, #208]
   8032c: fc 77 4e a9                  	ldp	x28, x29, [sp, #224]
   80330: ff 03 04 91                  	add	sp, sp, #256
   80334: ff 43 03 d5                  	msr	DAIFClr, #3

0000000000080338 task_save:
   80338: f4 4f be a9                  	stp	x20, x19, [sp, #-32]!
   8033c: fd 7b 01 a9                  	stp	x29, x30, [sp, #16]
   80340: fd 43 00 91                  	add	x29, sp, #16
   80344: f3 03 00 aa                  	mov	x19, x0
   80348: 08 04 40 f9                  	ldr	x8, [x0, #8]
   8034c: f4 03 00 91                  	mov	x20, sp
   80350: 1f 01 00 91                  	mov	sp, x8
   80354: d3 ff ff 97                  	bl	#-180 <task_save_state>
   80358: e8 03 00 91                  	mov	x8, sp
   8035c: 9f 02 00 91                  	mov	sp, x20
   80360: 68 06 00 f9                  	str	x8, [x19, #8]
   80364: fd 7b 41 a9                  	ldp	x29, x30, [sp, #16]
   80368: f4 4f c2 a8                  	ldp	x20, x19, [sp], #32
   8036c: c0 03 5f d6                  	ret

0000000000080370 main:
   80370: fd 7b bf a9                  	stp	x29, x30, [sp, #-16]!
   80374: fd 03 00 91                  	mov	x29, sp
   80378: 3f ff ff 97                  	bl	#-772 <uart_init>
   8037c: a0 00 00 35                  	cbnz	w0, #20 <main+0x20>
   80380: 00 00 00 b0                  	adrp	x0, #4096
   80384: a1 01 80 52                  	mov	w1, #13
   80388: 00 a0 00 91                  	add	x0, x0, #40
   8038c: 82 ff ff 97                  	bl	#-504 <uart_puts>
   80390: 5f 20 03 d5                  	wfe
   80394: ff ff ff 17                  	b	#-4 <main+0x20>

0000000000080398 mbox_call:
   80398: 08 13 97 52                  	mov	w8, #47256
   8039c: 08 e0 a7 72                  	movk	w8, #16128, lsl #16
   803a0: 09 01 40 b9                  	ldr	w9, [x8]
   803a4: 89 00 f8 36                  	tbz	w9, #31, #16 <mbox_call+0x1c>
   803a8: 1f 20 03 d5                  	nop
   803ac: 09 01 40 b9                  	ldr	w9, [x8]
   803b0: c9 ff ff 37                  	tbnz	w9, #31, #-8 <mbox_call+0x10>
   803b4: ec 03 00 2a                  	mov	w12, w0
   803b8: ea 07 01 32                  	mov	w10, #-2147483647
   803bc: 0b 00 b0 52                  	mov	w11, #-2147483648
   803c0: 2c 0c 00 33                  	bfxil	w12, w1, #0, #4
   803c4: 0c 09 00 b9                  	str	w12, [x8, #8]
   803c8: 89 00 f0 36                  	tbz	w9, #30, #16 <mbox_call+0x40>
   803cc: 1f 20 03 d5                  	nop
   803d0: 09 01 40 b9                  	ldr	w9, [x8]
   803d4: c9 ff f7 37                  	tbnz	w9, #30, #-8 <mbox_call+0x34>
   803d8: 0c 81 5e b8                  	ldur	w12, [x8, #-24]
   803dc: 8d 0d 00 12                  	and	w13, w12, #0xf
   803e0: 8c 6d 1c 12                  	and	w12, w12, #0xfffffff0
   803e4: bf 01 01 6b                  	cmp	w13, w1
   803e8: 80 01 40 7a                  	ccmp	w12, w0, #0, eq
   803ec: e1 fe ff 54                  	b.ne	#-36 <mbox_call+0x30>
   803f0: 0c 04 40 b9                  	ldr	w12, [x0, #4]
   803f4: 9f 01 0a 6b                  	cmp	w12, w10
   803f8: a0 00 00 54                  	b.eq	#20 <mbox_call+0x74>
   803fc: 9f 01 0b 6b                  	cmp	w12, w11
   80400: 41 fe ff 54                  	b.ne	#-56 <mbox_call+0x30>
   80404: e0 03 1f 2a                  	mov	w0, wzr
   80408: c0 03 5f d6                  	ret
   8040c: 00 00 80 12                  	mov	w0, #-1
   80410: c0 03 5f d6                  	ret

Disassembly of section .vectors:

0000000000080800 __exception_vectors_start:
   80800: df 43 03 d5                  	msr	DAIFSet, #3
   80804: ff 03 04 d1                  	sub	sp, sp, #256
   80808: e0 07 00 a9                  	stp	x0, x1, [sp]
   8080c: e2 0f 01 a9                  	stp	x2, x3, [sp, #16]
   80810: e4 17 02 a9                  	stp	x4, x5, [sp, #32]
   80814: e6 1f 03 a9                  	stp	x6, x7, [sp, #48]
   80818: e8 27 04 a9                  	stp	x8, x9, [sp, #64]
   8081c: ea 2f 05 a9                  	stp	x10, x11, [sp, #80]
   80820: ec 37 06 a9                  	stp	x12, x13, [sp, #96]
   80824: ee 3f 07 a9                  	stp	x14, x15, [sp, #112]
   80828: f0 47 08 a9                  	stp	x16, x17, [sp, #128]
   8082c: f2 4f 09 a9                  	stp	x18, x19, [sp, #144]
   80830: f4 57 0a a9                  	stp	x20, x21, [sp, #160]
   80834: f6 5f 0b a9                  	stp	x22, x23, [sp, #176]
   80838: f8 67 0c a9                  	stp	x24, x25, [sp, #192]
   8083c: fa 6f 0d a9                  	stp	x26, x27, [sp, #208]
   80840: fc 77 0e a9                  	stp	x28, x29, [sp, #224]
   80844: 20 40 38 d5                  	mrs	x0, ELR_EL1
   80848: e0 7b 0f a9                  	stp	x0, x30, [sp, #240]
   8084c: e0 03 00 91                  	mov	x0, sp
   80850: 6e fe ff 97                  	bl	#-1608 <current_el0_synchronous>
   80854: e1 01 00 14                  	b	#1924 <__restore_context>
		...
   80880: df 43 03 d5                  	msr	DAIFSet, #3
   80884: ff 03 04 d1                  	sub	sp, sp, #256
   80888: e0 07 00 a9                  	stp	x0, x1, [sp]
   8088c: e2 0f 01 a9                  	stp	x2, x3, [sp, #16]
   80890: e4 17 02 a9                  	stp	x4, x5, [sp, #32]
   80894: e6 1f 03 a9                  	stp	x6, x7, [sp, #48]
   80898: e8 27 04 a9                  	stp	x8, x9, [sp, #64]
   8089c: ea 2f 05 a9                  	stp	x10, x11, [sp, #80]
   808a0: ec 37 06 a9                  	stp	x12, x13, [sp, #96]
   808a4: ee 3f 07 a9                  	stp	x14, x15, [sp, #112]
   808a8: f0 47 08 a9                  	stp	x16, x17, [sp, #128]
   808ac: f2 4f 09 a9                  	stp	x18, x19, [sp, #144]
   808b0: f4 57 0a a9                  	stp	x20, x21, [sp, #160]
   808b4: f6 5f 0b a9                  	stp	x22, x23, [sp, #176]
   808b8: f8 67 0c a9                  	stp	x24, x25, [sp, #192]
   808bc: fa 6f 0d a9                  	stp	x26, x27, [sp, #208]
   808c0: fc 77 0e a9                  	stp	x28, x29, [sp, #224]
   808c4: 20 40 38 d5                  	mrs	x0, ELR_EL1
   808c8: e0 7b 0f a9                  	stp	x0, x30, [sp, #240]
   808cc: e0 03 00 91                  	mov	x0, sp
   808d0: e1 fd ff 97                  	bl	#-2172 <current_el0_irq>
   808d4: c1 01 00 14                  	b	#1796 <__restore_context>
		...
   80900: df 43 03 d5                  	msr	DAIFSet, #3
   80904: ff 03 04 d1                  	sub	sp, sp, #256
   80908: e0 07 00 a9                  	stp	x0, x1, [sp]
   8090c: e2 0f 01 a9                  	stp	x2, x3, [sp, #16]
   80910: e4 17 02 a9                  	stp	x4, x5, [sp, #32]
   80914: e6 1f 03 a9                  	stp	x6, x7, [sp, #48]
   80918: e8 27 04 a9                  	stp	x8, x9, [sp, #64]
   8091c: ea 2f 05 a9                  	stp	x10, x11, [sp, #80]
   80920: ec 37 06 a9                  	stp	x12, x13, [sp, #96]
   80924: ee 3f 07 a9                  	stp	x14, x15, [sp, #112]
   80928: f0 47 08 a9                  	stp	x16, x17, [sp, #128]
   8092c: f2 4f 09 a9                  	stp	x18, x19, [sp, #144]
   80930: f4 57 0a a9                  	stp	x20, x21, [sp, #160]
   80934: f6 5f 0b a9                  	stp	x22, x23, [sp, #176]
   80938: f8 67 0c a9                  	stp	x24, x25, [sp, #192]
   8093c: fa 6f 0d a9                  	stp	x26, x27, [sp, #208]
   80940: fc 77 0e a9                  	stp	x28, x29, [sp, #224]
   80944: 20 40 38 d5                  	mrs	x0, ELR_EL1
   80948: e0 7b 0f a9                  	stp	x0, x30, [sp, #240]
   8094c: e0 03 00 91                  	mov	x0, sp
   80950: c2 fd ff 97                  	bl	#-2296 <current_el0_fiq>
   80954: a1 01 00 14                  	b	#1668 <__restore_context>
		...
   80980: df 43 03 d5                  	msr	DAIFSet, #3
   80984: ff 03 04 d1                  	sub	sp, sp, #256
   80988: e0 07 00 a9                  	stp	x0, x1, [sp]
   8098c: e2 0f 01 a9                  	stp	x2, x3, [sp, #16]
   80990: e4 17 02 a9                  	stp	x4, x5, [sp, #32]
   80994: e6 1f 03 a9                  	stp	x6, x7, [sp, #48]
   80998: e8 27 04 a9                  	stp	x8, x9, [sp, #64]
   8099c: ea 2f 05 a9                  	stp	x10, x11, [sp, #80]
   809a0: ec 37 06 a9                  	stp	x12, x13, [sp, #96]
   809a4: ee 3f 07 a9                  	stp	x14, x15, [sp, #112]
   809a8: f0 47 08 a9                  	stp	x16, x17, [sp, #128]
   809ac: f2 4f 09 a9                  	stp	x18, x19, [sp, #144]
   809b0: f4 57 0a a9                  	stp	x20, x21, [sp, #160]
   809b4: f6 5f 0b a9                  	stp	x22, x23, [sp, #176]
   809b8: f8 67 0c a9                  	stp	x24, x25, [sp, #192]
   809bc: fa 6f 0d a9                  	stp	x26, x27, [sp, #208]
   809c0: fc 77 0e a9                  	stp	x28, x29, [sp, #224]
   809c4: 20 40 38 d5                  	mrs	x0, ELR_EL1
   809c8: e0 7b 0f a9                  	stp	x0, x30, [sp, #240]
   809cc: e0 03 00 91                  	mov	x0, sp
   809d0: 0f fe ff 97                  	bl	#-1988 <current_el0_serror>
   809d4: 81 01 00 14                  	b	#1540 <__restore_context>
		...
   80a00: df 43 03 d5                  	msr	DAIFSet, #3
   80a04: ff 03 04 d1                  	sub	sp, sp, #256
   80a08: e0 07 00 a9                  	stp	x0, x1, [sp]
   80a0c: e2 0f 01 a9                  	stp	x2, x3, [sp, #16]
   80a10: e4 17 02 a9                  	stp	x4, x5, [sp, #32]
   80a14: e6 1f 03 a9                  	stp	x6, x7, [sp, #48]
   80a18: e8 27 04 a9                  	stp	x8, x9, [sp, #64]
   80a1c: ea 2f 05 a9                  	stp	x10, x11, [sp, #80]
   80a20: ec 37 06 a9                  	stp	x12, x13, [sp, #96]
   80a24: ee 3f 07 a9                  	stp	x14, x15, [sp, #112]
   80a28: f0 47 08 a9                  	stp	x16, x17, [sp, #128]
   80a2c: f2 4f 09 a9                  	stp	x18, x19, [sp, #144]
   80a30: f4 57 0a a9                  	stp	x20, x21, [sp, #160]
   80a34: f6 5f 0b a9                  	stp	x22, x23, [sp, #176]
   80a38: f8 67 0c a9                  	stp	x24, x25, [sp, #192]
   80a3c: fa 6f 0d a9                  	stp	x26, x27, [sp, #208]
   80a40: fc 77 0e a9                  	stp	x28, x29, [sp, #224]
   80a44: 20 40 38 d5                  	mrs	x0, ELR_EL1
   80a48: e0 7b 0f a9                  	stp	x0, x30, [sp, #240]
   80a4c: e0 03 00 91                  	mov	x0, sp
   80a50: f0 fd ff 97                  	bl	#-2112 <current_elx_synchronous>
   80a54: 61 01 00 14                  	b	#1412 <__restore_context>
		...
   80a80: df 43 03 d5                  	msr	DAIFSet, #3
   80a84: ff 03 04 d1                  	sub	sp, sp, #256
   80a88: e0 07 00 a9                  	stp	x0, x1, [sp]
   80a8c: e2 0f 01 a9                  	stp	x2, x3, [sp, #16]
   80a90: e4 17 02 a9                  	stp	x4, x5, [sp, #32]
   80a94: e6 1f 03 a9                  	stp	x6, x7, [sp, #48]
   80a98: e8 27 04 a9                  	stp	x8, x9, [sp, #64]
   80a9c: ea 2f 05 a9                  	stp	x10, x11, [sp, #80]
   80aa0: ec 37 06 a9                  	stp	x12, x13, [sp, #96]
   80aa4: ee 3f 07 a9                  	stp	x14, x15, [sp, #112]
   80aa8: f0 47 08 a9                  	stp	x16, x17, [sp, #128]
   80aac: f2 4f 09 a9                  	stp	x18, x19, [sp, #144]
   80ab0: f4 57 0a a9                  	stp	x20, x21, [sp, #160]
   80ab4: f6 5f 0b a9                  	stp	x22, x23, [sp, #176]
   80ab8: f8 67 0c a9                  	stp	x24, x25, [sp, #192]
   80abc: fa 6f 0d a9                  	stp	x26, x27, [sp, #208]
   80ac0: fc 77 0e a9                  	stp	x28, x29, [sp, #224]
   80ac4: 20 40 38 d5                  	mrs	x0, ELR_EL1
   80ac8: e0 7b 0f a9                  	stp	x0, x30, [sp, #240]
   80acc: e0 03 00 91                  	mov	x0, sp
   80ad0: 63 fd ff 97                  	bl	#-2676 <current_elx_irq>
   80ad4: 41 01 00 14                  	b	#1284 <__restore_context>
		...
   80b00: df 43 03 d5                  	msr	DAIFSet, #3
   80b04: ff 03 04 d1                  	sub	sp, sp, #256
   80b08: e0 07 00 a9                  	stp	x0, x1, [sp]
   80b0c: e2 0f 01 a9                  	stp	x2, x3, [sp, #16]
   80b10: e4 17 02 a9                  	stp	x4, x5, [sp, #32]
   80b14: e6 1f 03 a9                  	stp	x6, x7, [sp, #48]
   80b18: e8 27 04 a9                  	stp	x8, x9, [sp, #64]
   80b1c: ea 2f 05 a9                  	stp	x10, x11, [sp, #80]
   80b20: ec 37 06 a9                  	stp	x12, x13, [sp, #96]
   80b24: ee 3f 07 a9                  	stp	x14, x15, [sp, #112]
   80b28: f0 47 08 a9                  	stp	x16, x17, [sp, #128]
   80b2c: f2 4f 09 a9                  	stp	x18, x19, [sp, #144]
   80b30: f4 57 0a a9                  	stp	x20, x21, [sp, #160]
   80b34: f6 5f 0b a9                  	stp	x22, x23, [sp, #176]
   80b38: f8 67 0c a9                  	stp	x24, x25, [sp, #192]
   80b3c: fa 6f 0d a9                  	stp	x26, x27, [sp, #208]
   80b40: fc 77 0e a9                  	stp	x28, x29, [sp, #224]
   80b44: 20 40 38 d5                  	mrs	x0, ELR_EL1
   80b48: e0 7b 0f a9                  	stp	x0, x30, [sp, #240]
   80b4c: e0 03 00 91                  	mov	x0, sp
   80b50: 44 fd ff 97                  	bl	#-2800 <current_elx_fiq>
   80b54: 21 01 00 14                  	b	#1156 <__restore_context>
		...
   80b80: df 43 03 d5                  	msr	DAIFSet, #3
   80b84: ff 03 04 d1                  	sub	sp, sp, #256
   80b88: e0 07 00 a9                  	stp	x0, x1, [sp]
   80b8c: e2 0f 01 a9                  	stp	x2, x3, [sp, #16]
   80b90: e4 17 02 a9                  	stp	x4, x5, [sp, #32]
   80b94: e6 1f 03 a9                  	stp	x6, x7, [sp, #48]
   80b98: e8 27 04 a9                  	stp	x8, x9, [sp, #64]
   80b9c: ea 2f 05 a9                  	stp	x10, x11, [sp, #80]
   80ba0: ec 37 06 a9                  	stp	x12, x13, [sp, #96]
   80ba4: ee 3f 07 a9                  	stp	x14, x15, [sp, #112]
   80ba8: f0 47 08 a9                  	stp	x16, x17, [sp, #128]
   80bac: f2 4f 09 a9                  	stp	x18, x19, [sp, #144]
   80bb0: f4 57 0a a9                  	stp	x20, x21, [sp, #160]
   80bb4: f6 5f 0b a9                  	stp	x22, x23, [sp, #176]
   80bb8: f8 67 0c a9                  	stp	x24, x25, [sp, #192]
   80bbc: fa 6f 0d a9                  	stp	x26, x27, [sp, #208]
   80bc0: fc 77 0e a9                  	stp	x28, x29, [sp, #224]
   80bc4: 20 40 38 d5                  	mrs	x0, ELR_EL1
   80bc8: e0 7b 0f a9                  	stp	x0, x30, [sp, #240]
   80bcc: e0 03 00 91                  	mov	x0, sp
   80bd0: 91 fd ff 97                  	bl	#-2492 <current_elx_serror>
   80bd4: 01 01 00 14                  	b	#1028 <__restore_context>
		...
   80c00: df 43 03 d5                  	msr	DAIFSet, #3
   80c04: ff 03 04 d1                  	sub	sp, sp, #256
   80c08: e0 07 00 a9                  	stp	x0, x1, [sp]
   80c0c: e2 0f 01 a9                  	stp	x2, x3, [sp, #16]
   80c10: e4 17 02 a9                  	stp	x4, x5, [sp, #32]
   80c14: e6 1f 03 a9                  	stp	x6, x7, [sp, #48]
   80c18: e8 27 04 a9                  	stp	x8, x9, [sp, #64]
   80c1c: ea 2f 05 a9                  	stp	x10, x11, [sp, #80]
   80c20: ec 37 06 a9                  	stp	x12, x13, [sp, #96]
   80c24: ee 3f 07 a9                  	stp	x14, x15, [sp, #112]
   80c28: f0 47 08 a9                  	stp	x16, x17, [sp, #128]
   80c2c: f2 4f 09 a9                  	stp	x18, x19, [sp, #144]
   80c30: f4 57 0a a9                  	stp	x20, x21, [sp, #160]
   80c34: f6 5f 0b a9                  	stp	x22, x23, [sp, #176]
   80c38: f8 67 0c a9                  	stp	x24, x25, [sp, #192]
   80c3c: fa 6f 0d a9                  	stp	x26, x27, [sp, #208]
   80c40: fc 77 0e a9                  	stp	x28, x29, [sp, #224]
   80c44: 20 40 38 d5                  	mrs	x0, ELR_EL1
   80c48: e0 7b 0f a9                  	stp	x0, x30, [sp, #240]
   80c4c: e0 03 00 91                  	mov	x0, sp
   80c50: 72 fd ff 97                  	bl	#-2616 <lower_aarch64_synchronous>
   80c54: e1 00 00 14                  	b	#900 <__restore_context>
		...
   80c80: df 43 03 d5                  	msr	DAIFSet, #3
   80c84: ff 03 04 d1                  	sub	sp, sp, #256
   80c88: e0 07 00 a9                  	stp	x0, x1, [sp]
   80c8c: e2 0f 01 a9                  	stp	x2, x3, [sp, #16]
   80c90: e4 17 02 a9                  	stp	x4, x5, [sp, #32]
   80c94: e6 1f 03 a9                  	stp	x6, x7, [sp, #48]
   80c98: e8 27 04 a9                  	stp	x8, x9, [sp, #64]
   80c9c: ea 2f 05 a9                  	stp	x10, x11, [sp, #80]
   80ca0: ec 37 06 a9                  	stp	x12, x13, [sp, #96]
   80ca4: ee 3f 07 a9                  	stp	x14, x15, [sp, #112]
   80ca8: f0 47 08 a9                  	stp	x16, x17, [sp, #128]
   80cac: f2 4f 09 a9                  	stp	x18, x19, [sp, #144]
   80cb0: f4 57 0a a9                  	stp	x20, x21, [sp, #160]
   80cb4: f6 5f 0b a9                  	stp	x22, x23, [sp, #176]
   80cb8: f8 67 0c a9                  	stp	x24, x25, [sp, #192]
   80cbc: fa 6f 0d a9                  	stp	x26, x27, [sp, #208]
   80cc0: fc 77 0e a9                  	stp	x28, x29, [sp, #224]
   80cc4: 20 40 38 d5                  	mrs	x0, ELR_EL1
   80cc8: e0 7b 0f a9                  	stp	x0, x30, [sp, #240]
   80ccc: e0 03 00 91                  	mov	x0, sp
   80cd0: e5 fc ff 97                  	bl	#-3180 <lower_aarch64_irq>
   80cd4: c1 00 00 14                  	b	#772 <__restore_context>
		...
   80d00: df 43 03 d5                  	msr	DAIFSet, #3
   80d04: ff 03 04 d1                  	sub	sp, sp, #256
   80d08: e0 07 00 a9                  	stp	x0, x1, [sp]
   80d0c: e2 0f 01 a9                  	stp	x2, x3, [sp, #16]
   80d10: e4 17 02 a9                  	stp	x4, x5, [sp, #32]
   80d14: e6 1f 03 a9                  	stp	x6, x7, [sp, #48]
   80d18: e8 27 04 a9                  	stp	x8, x9, [sp, #64]
   80d1c: ea 2f 05 a9                  	stp	x10, x11, [sp, #80]
   80d20: ec 37 06 a9                  	stp	x12, x13, [sp, #96]
   80d24: ee 3f 07 a9                  	stp	x14, x15, [sp, #112]
   80d28: f0 47 08 a9                  	stp	x16, x17, [sp, #128]
   80d2c: f2 4f 09 a9                  	stp	x18, x19, [sp, #144]
   80d30: f4 57 0a a9                  	stp	x20, x21, [sp, #160]
   80d34: f6 5f 0b a9                  	stp	x22, x23, [sp, #176]
   80d38: f8 67 0c a9                  	stp	x24, x25, [sp, #192]
   80d3c: fa 6f 0d a9                  	stp	x26, x27, [sp, #208]
   80d40: fc 77 0e a9                  	stp	x28, x29, [sp, #224]
   80d44: 20 40 38 d5                  	mrs	x0, ELR_EL1
   80d48: e0 7b 0f a9                  	stp	x0, x30, [sp, #240]
   80d4c: e0 03 00 91                  	mov	x0, sp
   80d50: c6 fc ff 97                  	bl	#-3304 <lower_aarch64_fiq>
   80d54: a1 00 00 14                  	b	#644 <__restore_context>
		...
   80d80: df 43 03 d5                  	msr	DAIFSet, #3
   80d84: ff 03 04 d1                  	sub	sp, sp, #256
   80d88: e0 07 00 a9                  	stp	x0, x1, [sp]
   80d8c: e2 0f 01 a9                  	stp	x2, x3, [sp, #16]
   80d90: e4 17 02 a9                  	stp	x4, x5, [sp, #32]
   80d94: e6 1f 03 a9                  	stp	x6, x7, [sp, #48]
   80d98: e8 27 04 a9                  	stp	x8, x9, [sp, #64]
   80d9c: ea 2f 05 a9                  	stp	x10, x11, [sp, #80]
   80da0: ec 37 06 a9                  	stp	x12, x13, [sp, #96]
   80da4: ee 3f 07 a9                  	stp	x14, x15, [sp, #112]
   80da8: f0 47 08 a9                  	stp	x16, x17, [sp, #128]
   80dac: f2 4f 09 a9                  	stp	x18, x19, [sp, #144]
   80db0: f4 57 0a a9                  	stp	x20, x21, [sp, #160]
   80db4: f6 5f 0b a9                  	stp	x22, x23, [sp, #176]
   80db8: f8 67 0c a9                  	stp	x24, x25, [sp, #192]
   80dbc: fa 6f 0d a9                  	stp	x26, x27, [sp, #208]
   80dc0: fc 77 0e a9                  	stp	x28, x29, [sp, #224]
   80dc4: 20 40 38 d5                  	mrs	x0, ELR_EL1
   80dc8: e0 7b 0f a9                  	stp	x0, x30, [sp, #240]
   80dcc: e0 03 00 91                  	mov	x0, sp
   80dd0: 13 fd ff 97                  	bl	#-2996 <lower_aarch64_serror>
   80dd4: 81 00 00 14                  	b	#516 <__restore_context>
		...
   80e00: df 43 03 d5                  	msr	DAIFSet, #3
   80e04: ff 03 04 d1                  	sub	sp, sp, #256
   80e08: e0 07 00 a9                  	stp	x0, x1, [sp]
   80e0c: e2 0f 01 a9                  	stp	x2, x3, [sp, #16]
   80e10: e4 17 02 a9                  	stp	x4, x5, [sp, #32]
   80e14: e6 1f 03 a9                  	stp	x6, x7, [sp, #48]
   80e18: e8 27 04 a9                  	stp	x8, x9, [sp, #64]
   80e1c: ea 2f 05 a9                  	stp	x10, x11, [sp, #80]
   80e20: ec 37 06 a9                  	stp	x12, x13, [sp, #96]
   80e24: ee 3f 07 a9                  	stp	x14, x15, [sp, #112]
   80e28: f0 47 08 a9                  	stp	x16, x17, [sp, #128]
   80e2c: f2 4f 09 a9                  	stp	x18, x19, [sp, #144]
   80e30: f4 57 0a a9                  	stp	x20, x21, [sp, #160]
   80e34: f6 5f 0b a9                  	stp	x22, x23, [sp, #176]
   80e38: f8 67 0c a9                  	stp	x24, x25, [sp, #192]
   80e3c: fa 6f 0d a9                  	stp	x26, x27, [sp, #208]
   80e40: fc 77 0e a9                  	stp	x28, x29, [sp, #224]
   80e44: 20 40 38 d5                  	mrs	x0, ELR_EL1
   80e48: e0 7b 0f a9                  	stp	x0, x30, [sp, #240]
   80e4c: e0 03 00 91                  	mov	x0, sp
   80e50: f4 fc ff 97                  	bl	#-3120 <lower_aarch32_synchronous>
   80e54: 61 00 00 14                  	b	#388 <__restore_context>
		...
   80e80: df 43 03 d5                  	msr	DAIFSet, #3
   80e84: ff 03 04 d1                  	sub	sp, sp, #256
   80e88: e0 07 00 a9                  	stp	x0, x1, [sp]
   80e8c: e2 0f 01 a9                  	stp	x2, x3, [sp, #16]
   80e90: e4 17 02 a9                  	stp	x4, x5, [sp, #32]
   80e94: e6 1f 03 a9                  	stp	x6, x7, [sp, #48]
   80e98: e8 27 04 a9                  	stp	x8, x9, [sp, #64]
   80e9c: ea 2f 05 a9                  	stp	x10, x11, [sp, #80]
   80ea0: ec 37 06 a9                  	stp	x12, x13, [sp, #96]
   80ea4: ee 3f 07 a9                  	stp	x14, x15, [sp, #112]
   80ea8: f0 47 08 a9                  	stp	x16, x17, [sp, #128]
   80eac: f2 4f 09 a9                  	stp	x18, x19, [sp, #144]
   80eb0: f4 57 0a a9                  	stp	x20, x21, [sp, #160]
   80eb4: f6 5f 0b a9                  	stp	x22, x23, [sp, #176]
   80eb8: f8 67 0c a9                  	stp	x24, x25, [sp, #192]
   80ebc: fa 6f 0d a9                  	stp	x26, x27, [sp, #208]
   80ec0: fc 77 0e a9                  	stp	x28, x29, [sp, #224]
   80ec4: 20 40 38 d5                  	mrs	x0, ELR_EL1
   80ec8: e0 7b 0f a9                  	stp	x0, x30, [sp, #240]
   80ecc: e0 03 00 91                  	mov	x0, sp
   80ed0: 67 fc ff 97                  	bl	#-3684 <lower_aarch32_irq>
   80ed4: 41 00 00 14                  	b	#260 <__restore_context>
		...
   80f00: df 43 03 d5                  	msr	DAIFSet, #3
   80f04: ff 03 04 d1                  	sub	sp, sp, #256
   80f08: e0 07 00 a9                  	stp	x0, x1, [sp]
   80f0c: e2 0f 01 a9                  	stp	x2, x3, [sp, #16]
   80f10: e4 17 02 a9                  	stp	x4, x5, [sp, #32]
   80f14: e6 1f 03 a9                  	stp	x6, x7, [sp, #48]
   80f18: e8 27 04 a9                  	stp	x8, x9, [sp, #64]
   80f1c: ea 2f 05 a9                  	stp	x10, x11, [sp, #80]
   80f20: ec 37 06 a9                  	stp	x12, x13, [sp, #96]
   80f24: ee 3f 07 a9                  	stp	x14, x15, [sp, #112]
   80f28: f0 47 08 a9                  	stp	x16, x17, [sp, #128]
   80f2c: f2 4f 09 a9                  	stp	x18, x19, [sp, #144]
   80f30: f4 57 0a a9                  	stp	x20, x21, [sp, #160]
   80f34: f6 5f 0b a9                  	stp	x22, x23, [sp, #176]
   80f38: f8 67 0c a9                  	stp	x24, x25, [sp, #192]
   80f3c: fa 6f 0d a9                  	stp	x26, x27, [sp, #208]
   80f40: fc 77 0e a9                  	stp	x28, x29, [sp, #224]
   80f44: 20 40 38 d5                  	mrs	x0, ELR_EL1
   80f48: e0 7b 0f a9                  	stp	x0, x30, [sp, #240]
   80f4c: e0 03 00 91                  	mov	x0, sp
   80f50: 48 fc ff 97                  	bl	#-3808 <lower_aarch32_fiq>
   80f54: 21 00 00 14                  	b	#132 <__restore_context>
		...
   80f80: df 43 03 d5                  	msr	DAIFSet, #3
   80f84: ff 03 04 d1                  	sub	sp, sp, #256
   80f88: e0 07 00 a9                  	stp	x0, x1, [sp]
   80f8c: e2 0f 01 a9                  	stp	x2, x3, [sp, #16]
   80f90: e4 17 02 a9                  	stp	x4, x5, [sp, #32]
   80f94: e6 1f 03 a9                  	stp	x6, x7, [sp, #48]
   80f98: e8 27 04 a9                  	stp	x8, x9, [sp, #64]
   80f9c: ea 2f 05 a9                  	stp	x10, x11, [sp, #80]
   80fa0: ec 37 06 a9                  	stp	x12, x13, [sp, #96]
   80fa4: ee 3f 07 a9                  	stp	x14, x15, [sp, #112]
   80fa8: f0 47 08 a9                  	stp	x16, x17, [sp, #128]
   80fac: f2 4f 09 a9                  	stp	x18, x19, [sp, #144]
   80fb0: f4 57 0a a9                  	stp	x20, x21, [sp, #160]
   80fb4: f6 5f 0b a9                  	stp	x22, x23, [sp, #176]
   80fb8: f8 67 0c a9                  	stp	x24, x25, [sp, #192]
   80fbc: fa 6f 0d a9                  	stp	x26, x27, [sp, #208]
   80fc0: fc 77 0e a9                  	stp	x28, x29, [sp, #224]
   80fc4: 20 40 38 d5                  	mrs	x0, ELR_EL1
   80fc8: e0 7b 0f a9                  	stp	x0, x30, [sp, #240]
   80fcc: e0 03 00 91                  	mov	x0, sp
   80fd0: 95 fc ff 97                  	bl	#-3500 <lower_aarch32_serror>
   80fd4: 01 00 00 14                  	b	#4 <__restore_context>

0000000000080fd8 __restore_context:
   80fd8: e0 7b 4f a9                  	ldp	x0, x30, [sp, #240]
   80fdc: 20 40 18 d5                  	msr	ELR_EL1, x0
   80fe0: e0 07 40 a9                  	ldp	x0, x1, [sp]
   80fe4: e2 0f 41 a9                  	ldp	x2, x3, [sp, #16]
   80fe8: e4 17 42 a9                  	ldp	x4, x5, [sp, #32]
   80fec: e6 1f 43 a9                  	ldp	x6, x7, [sp, #48]
   80ff0: e8 27 44 a9                  	ldp	x8, x9, [sp, #64]
   80ff4: ea 2f 45 a9                  	ldp	x10, x11, [sp, #80]
   80ff8: ec 37 46 a9                  	ldp	x12, x13, [sp, #96]
   80ffc: ee 3f 47 a9                  	ldp	x14, x15, [sp, #112]
   81000: f0 47 48 a9                  	ldp	x16, x17, [sp, #128]
   81004: f2 4f 49 a9                  	ldp	x18, x19, [sp, #144]
   81008: f4 57 4a a9                  	ldp	x20, x21, [sp, #160]
   8100c: f6 5f 4b a9                  	ldp	x22, x23, [sp, #176]
   81010: f8 67 4c a9                  	ldp	x24, x25, [sp, #192]
   81014: fa 6f 4d a9                  	ldp	x26, x27, [sp, #208]
   81018: fc 77 4e a9                  	ldp	x28, x29, [sp, #224]
   8101c: ff 03 04 91                  	add	sp, sp, #256
   81020: ff 43 03 d5                  	msr	DAIFClr, #3
   81024: e0 03 9f d6                  	eret
